This is pdfTeX, Version 3.141592653-2.6-1.40.25 (TeX Live 2023/Debian) (preloaded format=pdflatex 2024.12.22)  18 APR 2026 19:27
entering extended mode
 restricted \write18 enabled.
 %&-line parsing enabled.
**thesis.tex
(./thesis.tex
LaTeX2e <2023-11-01> patch level 1
L3 programming layer <2024-01-22>
(./uob-thesis.cls
Document Class: uob-thesis 2023/05/15 University of Bristol thesis template
(/usr/share/texlive/texmf-dist/tex/latex/xkeyval/xkeyval.sty
Package: xkeyval 2022/06/16 v2.9 package option processing (HA)

(/usr/share/texlive/texmf-dist/tex/generic/xkeyval/xkeyval.tex
(/usr/share/texlive/texmf-dist/tex/generic/xkeyval/xkvutils.tex
\XKV@toks=\toks17
\XKV@tempa@toks=\toks18

(/usr/share/texlive/texmf-dist/tex/generic/xkeyval/keyval.tex))
\XKV@depth=\count187
File: xkeyval.tex 2014/12/03 v2.7a key=value parser (HA)
))
(/usr/share/texlive/texmf-dist/tex/latex/l3packages/xparse/xparse.sty
(/usr/share/texlive/texmf-dist/tex/latex/l3kernel/expl3.sty
Package: expl3 2024-01-22 L3 programming layer (loader) 

(/usr/share/texlive/texmf-dist/tex/latex/l3backend/l3backend-pdftex.def
File: l3backend-pdftex.def 2024-01-04 L3 backend support: PDF output (pdfTeX)
\l__color_backend_stack_int=\count188
\l__pdf_internal_box=\box51
))
Package: xparse 2023-10-10 L3 Experimental document command parser
)
\@uobtwoside=\toks19
\@uobbiblio=\toks20

(/usr/share/texlive/texmf-dist/tex/latex/mlmodern/mlmodern.sty
Package: mlmodern 2021/01/12 v1.1 Modified Latin Modern Fonts
LaTeX Font Info:    Overwriting symbol font `operators' in version `normal'
(Font)                  OT1/cmr/m/n --> OT1/mlmr/m/n on input line 27.
LaTeX Font Info:    Overwriting symbol font `letters' in version `normal'
(Font)                  OML/cmm/m/it --> OML/mlmm/m/it on input line 28.
LaTeX Font Info:    Overwriting symbol font `symbols' in version `normal'
(Font)                  OMS/cmsy/m/n --> OMS/mlmsy/m/n on input line 29.
LaTeX Font Info:    Overwriting symbol font `largesymbols' in version `normal'
(Font)                  OMX/cmex/m/n --> OMX/mlmex/m/n on input line 30.
LaTeX Font Info:    Overwriting symbol font `operators' in version `bold'
(Font)                  OT1/cmr/bx/n --> OT1/mlmr/bx/n on input line 31.
LaTeX Font Info:    Overwriting symbol font `letters' in version `bold'
(Font)                  OML/cmm/b/it --> OML/mlmm/b/it on input line 32.
LaTeX Font Info:    Overwriting symbol font `symbols' in version `bold'
(Font)                  OMS/cmsy/b/n --> OMS/mlmsy/b/n on input line 33.
LaTeX Font Info:    Overwriting symbol font `largesymbols' in version `bold'
(Font)                  OMX/cmex/m/n --> OMX/mlmex/m/n on input line 34.
LaTeX Font Info:    Overwriting math alphabet `\mathbf' in version `normal'
(Font)                  OT1/cmr/bx/n --> OT1/mlmr/bx/n on input line 36.
LaTeX Font Info:    Overwriting math alphabet `\mathsf' in version `normal'
(Font)                  OT1/cmss/m/n --> OT1/mlmss/m/n on input line 37.
LaTeX Font Info:    Overwriting math alphabet `\mathit' in version `normal'
(Font)                  OT1/cmr/m/it --> OT1/mlmr/m/it on input line 38.
LaTeX Font Info:    Overwriting math alphabet `\mathtt' in version `normal'
(Font)                  OT1/cmtt/m/n --> OT1/mlmtt/m/n on input line 39.
LaTeX Font Info:    Overwriting math alphabet `\mathbf' in version `bold'
(Font)                  OT1/cmr/bx/n --> OT1/mlmr/bx/n on input line 40.
LaTeX Font Info:    Overwriting math alphabet `\mathsf' in version `bold'
(Font)                  OT1/cmss/bx/n --> OT1/mlmss/bx/n on input line 41.
LaTeX Font Info:    Overwriting math alphabet `\mathit' in version `bold'
(Font)                  OT1/cmr/bx/it --> OT1/mlmr/bx/it on input line 42.
LaTeX Font Info:    Overwriting math alphabet `\mathtt' in version `bold'
(Font)                  OT1/cmtt/m/n --> OT1/mlmtt/m/n on input line 43.
)
(/usr/share/texlive/texmf-dist/tex/latex/koma-script/scrbook.cls
Document Class: scrbook 2023/07/07 v3.41 KOMA-Script document class (book)
(/usr/share/texlive/texmf-dist/tex/latex/koma-script/scrkbase.sty
Package: scrkbase 2023/07/07 v3.41 KOMA-Script package (KOMA-Script-dependent b
asics and keyval usage)

(/usr/share/texlive/texmf-dist/tex/latex/koma-script/scrbase.sty
Package: scrbase 2023/07/07 v3.41 KOMA-Script package (KOMA-Script-independent 
basics and keyval usage)

(/usr/share/texlive/texmf-dist/tex/latex/koma-script/scrlfile.sty
Package: scrlfile 2023/07/07 v3.41 KOMA-Script package (file load hooks)

(/usr/share/texlive/texmf-dist/tex/latex/koma-script/scrlfile-hook.sty
Package: scrlfile-hook 2023/07/07 v3.41 KOMA-Script package (using LaTeX hooks)


(/usr/share/texlive/texmf-dist/tex/latex/koma-script/scrlogo.sty
Package: scrlogo 2023/07/07 v3.41 KOMA-Script package (logo)
)))
Applying: [2021/05/01] Usage of raw or classic option list on input line 252.
Already applied: [0000/00/00] Usage of raw or classic option list on input line
 368.
))
(/usr/share/texlive/texmf-dist/tex/latex/koma-script/tocbasic.sty
Package: tocbasic 2023/07/07 v3.41 KOMA-Script package (handling toc-files)
\scr@dte@tocline@numberwidth=\skip48
\scr@dte@tocline@numbox=\box52
)
Package tocbasic Info: omitting babel extension for `toc'
(tocbasic)             because of feature `nobabel' available
(tocbasic)             for `toc' on input line 135.
Class scrbook Info: File `scrsize11pt.clo' used to setup font sizes on input li
ne 2691.

(/usr/share/texlive/texmf-dist/tex/latex/koma-script/scrsize11pt.clo
File: scrsize11pt.clo 2023/07/07 v3.41 KOMA-Script font size class option (11pt
)
)
(/usr/share/texlive/texmf-dist/tex/latex/koma-script/typearea.sty
Package: typearea 2023/07/07 v3.41 KOMA-Script package (type area)
\ta@bcor=\skip49
\ta@div=\count189
\ta@hblk=\skip50
\ta@vblk=\skip51
\ta@temp=\skip52
\footheight=\skip53
LaTeX Font Info:    Trying to load font information for OT1+mlmr on input line 
1799.

(/usr/share/texlive/texmf-dist/tex/latex/mlmodern/ot1mlmr.fd
File: ot1mlmr.fd 2021/01/11 v1.0 Font defs for mlmodern
)
Package typearea Info: These are the values describing the layout:
(typearea)             DIV  = 10
(typearea)             BCOR = 0.0pt
(typearea)             \paperwidth      = 597.50793pt
(typearea)              \textwidth      = 418.25555pt
(typearea)              DIV departure   = -6%
(typearea)              \evensidemargin = 17.3562pt
(typearea)              \oddsidemargin  = 17.3562pt
(typearea)             \paperheight     = 845.04694pt
(typearea)              \textheight     = 595.80026pt
(typearea)              \topmargin      = -25.16531pt
(typearea)              \headheight     = 17.0pt
(typearea)              \headsep        = 20.40001pt
(typearea)              \topskip        = 11.0pt
(typearea)              \footskip       = 47.6pt
(typearea)              \baselineskip   = 13.6pt
(typearea)              on input line 1799.
)
\c@part=\count190
\c@chapter=\count191
\c@section=\count192
\c@subsection=\count193
\c@subsubsection=\count194
\c@paragraph=\count195
\c@subparagraph=\count196
\scr@dte@chapter@maxnumwidth=\skip54
Class scrbook Info: using compatibility default `afterindent=bysign'
(scrbook)           for `\chapter on input line 5990.
\scr@dte@section@maxnumwidth=\skip55
Class scrbook Info: using compatibility default `runin=bysign'
(scrbook)           for `\section on input line 6001.
Class scrbook Info: using compatibility default `afterindent=bysign'
(scrbook)           for `\section on input line 6001.
\scr@dte@part@maxnumwidth=\skip56
Class scrbook Info: using compatibility default `afterindent=true'
(scrbook)           for `\part on input line 6010.
\scr@dte@subsection@maxnumwidth=\skip57
Class scrbook Info: using compatibility default `runin=bysign'
(scrbook)           for `\subsection on input line 6020.
Class scrbook Info: using compatibility default `afterindent=bysign'
(scrbook)           for `\subsection on input line 6020.
\scr@dte@subsubsection@maxnumwidth=\skip58
Class scrbook Info: using compatibility default `runin=bysign'
(scrbook)           for `\subsubsection on input line 6030.
Class scrbook Info: using compatibility default `afterindent=bysign'
(scrbook)           for `\subsubsection on input line 6030.
\scr@dte@paragraph@maxnumwidth=\skip59
Class scrbook Info: using compatibility default `runin=bysign'
(scrbook)           for `\paragraph on input line 6041.
Class scrbook Info: using compatibility default `afterindent=bysign'
(scrbook)           for `\paragraph on input line 6041.
\scr@dte@subparagraph@maxnumwidth=\skip60
Class scrbook Info: using compatibility default `runin=bysign'
(scrbook)           for `\subparagraph on input line 6051.
Class scrbook Info: using compatibility default `afterindent=bysign'
(scrbook)           for `\subparagraph on input line 6051.
\abovecaptionskip=\skip61
\belowcaptionskip=\skip62
\c@pti@nb@sid@b@x=\box53
Package tocbasic Info: omitting babel extension for `lof'
(tocbasic)             because of feature `nobabel' available
(tocbasic)             for `lof' on input line 7242.
\scr@dte@figure@maxnumwidth=\skip63
\c@figure=\count197
Package tocbasic Info: omitting babel extension for `lot'
(tocbasic)             because of feature `nobabel' available
(tocbasic)             for `lot' on input line 7259.
\scr@dte@table@maxnumwidth=\skip64
\c@table=\count198
Class scrbook Info: Redefining `\numberline' on input line 7430.
\bibindent=\dimen140
)
(/usr/share/texlive/texmf-dist/tex/latex/koma-script/scrlayer-scrpage.sty
Package: scrlayer-scrpage 2023/07/07 v3.41 KOMA-Script package (end user interf
ace for scrlayer)

(/usr/share/texlive/texmf-dist/tex/latex/koma-script/scrlayer.sty
Package: scrlayer 2023/07/07 v3.41 KOMA-Script package (defining layers and pag
e styles)
Package scrlayer Info: patching LaTeX kernel macro \pagestyle on input line 218
3.
)
Package scrlayer-scrpage Info: Makeing stand-alone element `pagehead' from
(scrlayer-scrpage)             alias to `pageheadfoot' on input line 1106.
)
(/usr/share/texlive/texmf-dist/tex/latex/base/fontenc.sty
Package: fontenc 2021/04/29 v2.0v Standard LaTeX package
LaTeX Font Info:    Trying to load font information for T1+mlmr on input line 1
12.

(/usr/share/texlive/texmf-dist/tex/latex/mlmodern/t1mlmr.fd
File: t1mlmr.fd 2021/01/11 v1.0 Font defs for mlmodern
))
(/usr/share/texlive/texmf-dist/tex/latex/microtype/microtype.sty
Package: microtype 2023/03/13 v3.1a Micro-typographical refinements (RS)

(/usr/share/texlive/texmf-dist/tex/latex/etoolbox/etoolbox.sty
Package: etoolbox 2020/10/05 v2.5k e-TeX tools for LaTeX (JAW)
\etb@tempcnta=\count199
)
\MT@toks=\toks21
\MT@tempbox=\box54
\MT@count=\count266
LaTeX Info: Redefining \noprotrusionifhmode on input line 1059.
LaTeX Info: Redefining \leftprotrusion on input line 1060.
\MT@prot@toks=\toks22
LaTeX Info: Redefining \rightprotrusion on input line 1078.
LaTeX Info: Redefining \textls on input line 1368.
\MT@outer@kern=\dimen141
LaTeX Info: Redefining \textmicrotypecontext on input line 1988.
\MT@listname@count=\count267

(/usr/share/texlive/texmf-dist/tex/latex/microtype/microtype-pdftex.def
File: microtype-pdftex.def 2023/03/13 v3.1a Definitions specific to pdftex (RS)

LaTeX Info: Redefining \lsstyle on input line 902.
LaTeX Info: Redefining \lslig on input line 902.
\MT@outer@space=\skip65
)
Package microtype Info: Loading configuration file microtype.cfg.

(/usr/share/texlive/texmf-dist/tex/latex/microtype/microtype.cfg
File: microtype.cfg 2023/03/13 v3.1a microtype main configuration file (RS)
))
Package typearea Info: These are the values describing the layout:
(typearea)             DIV  = 10
(typearea)             BCOR = 0.0pt
(typearea)             \paperwidth      = 597.50793pt
(typearea)              \textwidth      = 418.25555pt
(typearea)              DIV departure   = -6%
(typearea)              \evensidemargin = 17.3562pt
(typearea)              \oddsidemargin  = 17.3562pt
(typearea)             \paperheight     = 845.04694pt
(typearea)              \textheight     = 541.40024pt
(typearea)              \topmargin      = 12.2347pt
(typearea)              \headheight     = 25.5pt
(typearea)              \headsep        = 30.6pt
(typearea)              \topskip        = 11.0pt
(typearea)              \footskip       = 71.40001pt
(typearea)              \baselineskip   = 20.40001pt
(typearea)              on input line 62.
Package typearea Info: These are the values describing the layout:
(typearea)             DIV  = 10
(typearea)             BCOR = 0.0pt
(typearea)             \paperwidth      = 597.50793pt
(typearea)              \textwidth      = 418.25555pt
(typearea)              DIV departure   = -6%
(typearea)              \evensidemargin = 17.3562pt
(typearea)              \oddsidemargin  = 17.3562pt
(typearea)             \paperheight     = 845.04694pt
(typearea)              \textheight     = 541.40024pt
(typearea)              \topmargin      = 12.2347pt
(typearea)              \headheight     = 25.5pt
(typearea)              \headsep        = 30.6pt
(typearea)              \topskip        = 11.0pt
(typearea)              \footskip       = 71.40001pt
(typearea)              \baselineskip   = 20.40001pt
(typearea)              on input line 70.

(/usr/share/texlive/texmf-dist/tex/latex/datetime2/datetime2.sty
Package: datetime2 2021/03/21 v1.5.7 (NLCT) date and time formats

(/usr/share/texlive/texmf-dist/tex/latex/tracklang/tracklang.sty
Package: tracklang 2022/12/13 v1.6.1 (NLCT) Track Languages

(/usr/share/texlive/texmf-dist/tex/generic/tracklang/tracklang.tex))
(/usr/share/texlive/texmf-dist/tex/latex/datetime2-english/datetime2-en-GB.ldf
File: datetime2-en-GB.ldf 2019/10/21 v1.05 (NLCT)

(/usr/share/texlive/texmf-dist/tex/latex/datetime2-english/datetime2-english-ba
se.ldf
File: datetime2-english-base.ldf 2019/10/21 v1.05 (NLCT)
))) (./bristol-colours.sty
(/usr/share/texlive/texmf-dist/tex/latex/xcolor/xcolor.sty
Package: xcolor 2023/11/15 v3.01 LaTeX color extensions (UK)

(/usr/share/texlive/texmf-dist/tex/latex/graphics-cfg/color.cfg
File: color.cfg 2016/01/02 v1.6 sample color configuration
)
Package xcolor Info: Driver file: pdftex.def on input line 274.

(/usr/share/texlive/texmf-dist/tex/latex/graphics-def/pdftex.def
File: pdftex.def 2022/09/22 v1.2b Graphics/color driver for pdftex
)
(/usr/share/texlive/texmf-dist/tex/latex/graphics/mathcolor.ltx)
Package xcolor Info: Model `cmy' substituted by `cmy0' on input line 1350.
Package xcolor Info: Model `hsb' substituted by `rgb' on input line 1354.
Package xcolor Info: Model `RGB' extended on input line 1366.
Package xcolor Info: Model `HTML' substituted by `rgb' on input line 1368.
Package xcolor Info: Model `Hsb' substituted by `hsb' on input line 1369.
Package xcolor Info: Model `tHsb' substituted by `hsb' on input line 1370.
Package xcolor Info: Model `HSB' substituted by `hsb' on input line 1371.
Package xcolor Info: Model `Gray' substituted by `gray' on input line 1372.
Package xcolor Info: Model `wave' substituted by `hsb' on input line 1373.
))
(/usr/share/texlive/texmf-dist/tex/latex/amsmath/amsmath.sty
Package: amsmath 2023/05/13 v2.17o AMS math features
\@mathmargin=\skip66

For additional information on amsmath, use the `?' option.
(/usr/share/texlive/texmf-dist/tex/latex/amsmath/amstext.sty
Package: amstext 2021/08/26 v2.01 AMS text

(/usr/share/texlive/texmf-dist/tex/latex/amsmath/amsgen.sty
File: amsgen.sty 1999/11/30 v2.0 generic functions
\@emptytoks=\toks23
\ex@=\dimen142
))
(/usr/share/texlive/texmf-dist/tex/latex/amsmath/amsbsy.sty
Package: amsbsy 1999/11/29 v1.2d Bold Symbols
\pmbraise@=\dimen143
)
(/usr/share/texlive/texmf-dist/tex/latex/amsmath/amsopn.sty
Package: amsopn 2022/04/08 v2.04 operator names
)
\inf@bad=\count268
LaTeX Info: Redefining \frac on input line 234.
\uproot@=\count269
\leftroot@=\count270
LaTeX Info: Redefining \overline on input line 399.
LaTeX Info: Redefining \colon on input line 410.
\classnum@=\count271
\DOTSCASE@=\count272
LaTeX Info: Redefining \ldots on input line 496.
LaTeX Info: Redefining \dots on input line 499.
LaTeX Info: Redefining \cdots on input line 620.
\Mathstrutbox@=\box55
\strutbox@=\box56
LaTeX Info: Redefining \big on input line 722.
LaTeX Info: Redefining \Big on input line 723.
LaTeX Info: Redefining \bigg on input line 724.
LaTeX Info: Redefining \Bigg on input line 725.
\big@size=\dimen144
LaTeX Font Info:    Redeclaring font encoding OML on input line 743.
LaTeX Font Info:    Redeclaring font encoding OMS on input line 744.
\macc@depth=\count273
LaTeX Info: Redefining \bmod on input line 905.
LaTeX Info: Redefining \pmod on input line 910.
LaTeX Info: Redefining \smash on input line 940.
LaTeX Info: Redefining \relbar on input line 970.
LaTeX Info: Redefining \Relbar on input line 971.
\c@MaxMatrixCols=\count274
\dotsspace@=\muskip16
\c@parentequation=\count275
\dspbrk@lvl=\count276
\tag@help=\toks24
\row@=\count277
\column@=\count278
\maxfields@=\count279
\andhelp@=\toks25
\eqnshift@=\dimen145
\alignsep@=\dimen146
\tagshift@=\dimen147
\tagwidth@=\dimen148
\totwidth@=\dimen149
\lineht@=\dimen150
\@envbody=\toks26
\multlinegap=\skip67
\multlinetaggap=\skip68
\mathdisplay@stack=\toks27
LaTeX Info: Redefining \[ on input line 2953.
LaTeX Info: Redefining \] on input line 2954.
)
(/usr/share/texlive/texmf-dist/tex/latex/amsfonts/amssymb.sty
Package: amssymb 2013/01/14 v3.01 AMS font symbols

(/usr/share/texlive/texmf-dist/tex/latex/amsfonts/amsfonts.sty
Package: amsfonts 2013/01/14 v3.01 Basic AMSFonts support
\symAMSa=\mathgroup4
\symAMSb=\mathgroup5
LaTeX Font Info:    Redeclaring math symbol \hbar on input line 98.
LaTeX Font Info:    Overwriting math alphabet `\mathfrak' in version `bold'
(Font)                  U/euf/m/n --> U/euf/b/n on input line 106.
))
(/usr/share/texlive/texmf-dist/tex/latex/amscls/amsthm.sty
Package: amsthm 2020/05/29 v2.20.6
\thm@style=\toks28
\thm@bodyfont=\toks29
\thm@headfont=\toks30
\thm@notefont=\toks31
\thm@headpunct=\toks32
\thm@preskip=\skip69
\thm@postskip=\skip70
\thm@headsep=\skip71
\dth@everypar=\toks33
)
(/usr/share/texlive/texmf-dist/tex/latex/xpatch/xpatch.sty
Package: xpatch 2020/03/25 v0.3a Extending etoolbox patching commands
)
Class scrbook Info: amsthm's \deferred@thm@head patched.

(/usr/share/texlive/texmf-dist/tex/latex/wasysym/wasysym.sty
Package: wasysym 2020/01/19 v2.4 Wasy-2 symbol support package
\symwasy=\mathgroup6
LaTeX Font Info:    Overwriting symbol font `wasy' in version `bold'
(Font)                  U/wasy/m/n --> U/wasy/b/n on input line 93.
)
(/usr/share/texlive/texmf-dist/tex/latex/stmaryrd/stmaryrd.sty
Package: stmaryrd 1994/03/03 St Mary's Road symbol package
\symstmry=\mathgroup7
LaTeX Font Info:    Overwriting symbol font `stmry' in version `bold'
(Font)                  U/stmry/m/n --> U/stmry/b/n on input line 89.
)
(/usr/share/texlive/texmf-dist/tex/latex/fontawesome/fontawesome.sty
Package: fontawesome 2016/05/15 v4.6.3.1 font awesome icons

(/usr/share/texlive/texmf-dist/tex/generic/iftex/ifxetex.sty
Package: ifxetex 2019/10/25 v0.7 ifxetex legacy package. Use iftex instead.

(/usr/share/texlive/texmf-dist/tex/generic/iftex/iftex.sty
Package: iftex 2022/02/03 v1.0f TeX engine tests
))
(/usr/share/texlive/texmf-dist/tex/generic/iftex/ifluatex.sty
Package: ifluatex 2019/10/25 v1.5 ifluatex legacy package. Use iftex instead.
)
(/usr/share/texlive/texmf-dist/tex/latex/fontawesome/fontawesomesymbols-generic
.tex)
(/usr/share/texlive/texmf-dist/tex/latex/fontawesome/fontawesomesymbols-pdftex.
tex)) (/usr/share/texlive/texmf-dist/tex/generic/mleftright/mleftright.sty
Package: mleftright 2019/12/03 v1.2 Math left/right delim. as open/close (HO)

(/usr/share/texlive/texmf-dist/tex/generic/infwarerr/infwarerr.sty
Package: infwarerr 2019/12/03 v1.5 Providing info/warning/error messages (HO)
)
(/usr/share/texlive/texmf-dist/tex/generic/ltxcmds/ltxcmds.sty
Package: ltxcmds 2023-12-04 v1.26 LaTeX kernel commands for general use (HO)
))
(/usr/share/texlive/texmf-dist/tex/latex/base/ifthen.sty
Package: ifthen 2022/04/13 v1.1d Standard LaTeX ifthen package (DPC)
)
(/usr/share/texlive/texmf-dist/tex/latex/scalerel/scalerel.sty
Package: scalerel 2016/12/29 v1.8 Routines for constrained scaling and stretchi
ng of objects, relative to a reference object or in absolute terms

(/usr/share/texlive/texmf-dist/tex/latex/tools/calc.sty
Package: calc 2023/07/08 v4.3 Infix arithmetic (KKT,FJ)
\calc@Acount=\count280
\calc@Bcount=\count281
\calc@Adimen=\dimen151
\calc@Bdimen=\dimen152
\calc@Askip=\skip72
\calc@Bskip=\skip73
LaTeX Info: Redefining \setlength on input line 80.
LaTeX Info: Redefining \addtolength on input line 81.
\calc@Ccount=\count282
\calc@Cskip=\skip74
)
(/usr/share/texlive/texmf-dist/tex/latex/graphics/graphicx.sty
Package: graphicx 2021/09/16 v1.2d Enhanced LaTeX Graphics (DPC,SPQR)

(/usr/share/texlive/texmf-dist/tex/latex/graphics/graphics.sty
Package: graphics 2022/03/10 v1.4e Standard LaTeX Graphics (DPC,SPQR)

(/usr/share/texlive/texmf-dist/tex/latex/graphics/trig.sty
Package: trig 2021/08/11 v1.11 sin cos tan (DPC)
)
(/usr/share/texlive/texmf-dist/tex/latex/graphics-cfg/graphics.cfg
File: graphics.cfg 2016/06/04 v1.11 sample graphics configuration
)
Package graphics Info: Driver file: pdftex.def on input line 107.
)
\Gin@req@height=\dimen153
\Gin@req@width=\dimen154
)
\thesrwidth=\skip75
\thesrheight=\skip76
\srblobheight=\skip77
\srblobdepth=\skip78
\mnxsrwidth=\skip79
\LMex=\skip80
\LMpt=\skip81
)
(/usr/share/texlive/texmf-dist/tex/latex/epigraph/epigraph.sty
Package: epigraph 2020/01/02 v1.5e typesetting epigraphs

(/usr/share/texlive/texmf-dist/tex/latex/nextpage/nextpage.sty
Package: nextpage 2009/09/03 v1.1a additional page commands
)
\beforeepigraphskip=\skip82
\afterepigraphskip=\skip83
\epigraphwidth=\skip84
\epigraphrule=\skip85
)
(/usr/share/texlive/texmf-dist/tex/latex/datetime/datetime.sty
Package: datetime 2015/03/20 v2.60 Date Time Package

(/usr/share/texlive/texmf-dist/tex/latex/fmtcount/fmtcount.sty
Package: fmtcount 2020/01/30 v3.07

(/usr/share/texlive/texmf-dist/tex/latex/fmtcount/fcprefix.sty
Package: fcprefix 2012/09/28

(/usr/share/texlive/texmf-dist/tex/latex/fmtcount/fcnumparser.sty
Package: fcnumparser 2017/06/15
\fc@digit@counter=\count283
))
\c@padzeroesN=\count284
\fc@tmpcatcode=\count285
\@DT@modctr=\count286
\@ordinalctr=\count287
\@orgargctr=\count288
\@strctr=\count289
\@tmpstrctr=\count290
\@DT@loopN=\count291
\@DT@X=\count292
)
(/usr/share/texlive/texmf-dist/tex/latex/datetime/datetime-defaults.sty
Package: datetime-defaults 2013/09/10
)
\@day=\count293
\@month=\count294
\@year=\count295
\c@HOUR=\count296
\c@HOURXII=\count297
\c@MINUTE=\count298
\c@TOHOUR=\count299
\c@TOMINUTE=\count300
\c@SECOND=\count301
\currenthour=\count302
\currentminute=\count303
\currentsecond=\count304
Package datetime Info: No datetime.cfg file found, using default settings on in
put line 308.
\@dtctr=\count305
\dayofyear=\count306
\dayofweek=\count307
LaTeX Info: Redefining \today on input line 736.
\dt@a=\toks34
\dt@b=\toks35
)
(/usr/share/texlive/texmf-dist/tex/latex/enumitem/enumitem.sty
Package: enumitem 2019/06/20 v3.9 Customized lists
\enitkv@toks@=\toks36
\labelindent=\skip86
\enit@outerparindent=\dimen155
\enit@toks=\toks37
\enit@inbox=\box57
\enit@count@id=\count308
\enitdp@description=\count309
)
(/usr/share/texlive/texmf-dist/tex/latex/tools/array.sty
Package: array 2023/10/16 v2.5g Tabular extension package (FMi)
\col@sep=\dimen156
\ar@mcellbox=\box58
\extrarowheight=\dimen157
\NC@list=\toks38
\extratabsurround=\skip87
\backup@length=\skip88
\ar@cellbox=\box59
)
(/usr/share/texlive/texmf-dist/tex/latex/mathtools/mathtools.sty
Package: mathtools 2022/06/29 v1.29 mathematical typesetting tools

(/usr/share/texlive/texmf-dist/tex/latex/mathtools/mhsetup.sty
Package: mhsetup 2021/03/18 v1.4 programming setup (MH)
)
\g_MT_multlinerow_int=\count310
\l_MT_multwidth_dim=\dimen158
\origjot=\skip89
\l_MT_shortvdotswithinadjustabove_dim=\dimen159
\l_MT_shortvdotswithinadjustbelow_dim=\dimen160
\l_MT_above_intertext_sep=\dimen161
\l_MT_below_intertext_sep=\dimen162
\l_MT_above_shortintertext_sep=\dimen163
\l_MT_below_shortintertext_sep=\dimen164
\xmathstrut@box=\box60
\xmathstrut@dim=\dimen165
)
(/usr/share/texlive/texmf-dist/tex/latex/thmtools/thmtools.sty
Package: thmtools 2023/05/04 v0.76
\thmt@toks=\toks39
\c@thmt@dummyctr=\count311

(/usr/share/texlive/texmf-dist/tex/latex/thmtools/thm-patch.sty
Package: thm-patch 2023/05/04 v0.76

(/usr/share/texlive/texmf-dist/tex/latex/thmtools/parseargs.sty
Package: parseargs 2023/05/04 v0.76
\@parsespec=\toks40
))
(/usr/share/texlive/texmf-dist/tex/latex/thmtools/thm-kv.sty
Package: thm-kv 2023/05/04 v0.76
Package thm-kv Info: Theorem names will be uppercased on input line 42.

(/usr/share/texlive/texmf-dist/tex/latex/kvsetkeys/kvsetkeys.sty
Package: kvsetkeys 2022-10-05 v1.19 Key value parser (HO)
)
Package thm-kv Info: kvsetkeys patch (v1.16 or later) on input line 158.
)
(/usr/share/texlive/texmf-dist/tex/latex/thmtools/thm-autoref.sty
Package: thm-autoref 2023/05/04 v0.76

(/usr/share/texlive/texmf-dist/tex/latex/thmtools/aliasctr.sty
Package: aliasctr 2023/05/04 v0.76
))
(/usr/share/texlive/texmf-dist/tex/latex/thmtools/thm-listof.sty
Package: thm-listof 2023/05/04 v0.76
)
(/usr/share/texlive/texmf-dist/tex/latex/thmtools/thm-restate.sty
Package: thm-restate 2023/05/04 v0.76
)
(/usr/share/texlive/texmf-dist/tex/latex/thmtools/thm-amsthm.sty
Package: thm-amsthm 2023/05/04 v0.76
\thmt@style@headstyle=\toks41
))
(/usr/share/texlive/texmf-dist/tex/latex/biblatex/biblatex.sty
Package: biblatex 2023/03/05 v3.19 programmable bibliographies (PK/MW)

(/usr/share/texlive/texmf-dist/tex/generic/pdftexcmds/pdftexcmds.sty
Package: pdftexcmds 2020-06-27 v0.33 Utility functions of pdfTeX for LuaTeX (HO
)
Package pdftexcmds Info: \pdf@primitive is available.
Package pdftexcmds Info: \pdf@ifprimitive is available.
Package pdftexcmds Info: \pdfdraftmode found.
)
(/usr/share/texlive/texmf-dist/tex/latex/kvoptions/kvoptions.sty
Package: kvoptions 2022-06-15 v3.15 Key value format for package options (HO)
)
(/usr/share/texlive/texmf-dist/tex/latex/logreq/logreq.sty
Package: logreq 2010/08/04 v1.0 xml request logger
\lrq@indent=\count312

(/usr/share/texlive/texmf-dist/tex/latex/logreq/logreq.def
File: logreq.def 2010/08/04 v1.0 logreq spec v1.0
))
(/usr/share/texlive/texmf-dist/tex/latex/url/url.sty
\Urlmuskip=\muskip17
Package: url 2013/09/16  ver 3.4  Verb mode for urls, etc.
)
\c@tabx@nest=\count313
\c@listtotal=\count314
\c@listcount=\count315
\c@liststart=\count316
\c@liststop=\count317
\c@citecount=\count318
\c@citetotal=\count319
\c@multicitecount=\count320
\c@multicitetotal=\count321
\c@instcount=\count322
\c@maxnames=\count323
\c@minnames=\count324
\c@maxitems=\count325
\c@minitems=\count326
\c@citecounter=\count327
\c@maxcitecounter=\count328
\c@savedcitecounter=\count329
\c@uniquelist=\count330
\c@uniquename=\count331
\c@refsection=\count332
\c@refsegment=\count333
\c@maxextratitle=\count334
\c@maxextratitleyear=\count335
\c@maxextraname=\count336
\c@maxextradate=\count337
\c@maxextraalpha=\count338
\c@abbrvpenalty=\count339
\c@highnamepenalty=\count340
\c@lownamepenalty=\count341
\c@maxparens=\count342
\c@parenlevel=\count343
\blx@tempcnta=\count344
\blx@tempcntb=\count345
\blx@tempcntc=\count346
\c@blx@maxsection=\count347
\blx@maxsegment@0=\count348
\blx@notetype=\count349
\blx@parenlevel@text=\count350
\blx@parenlevel@foot=\count351
\blx@sectionciteorder@0=\count352
\blx@sectionciteorderinternal@0=\count353
\blx@entrysetcounter=\count354
\blx@biblioinstance=\count355
\labelnumberwidth=\skip90
\labelalphawidth=\skip91
\biblabelsep=\skip92
\bibitemsep=\skip93
\bibnamesep=\skip94
\bibinitsep=\skip95
\bibparsep=\skip96
\bibhang=\skip97
\blx@bcfin=\read2
\blx@bcfout=\write3
\blx@langwohyphens=\language89
\c@mincomprange=\count356
\c@maxcomprange=\count357
\c@mincompwidth=\count358
Package biblatex Info: Trying to load biblatex default data model...
Package biblatex Info: ... file 'blx-dm.def' found.

(/usr/share/texlive/texmf-dist/tex/latex/biblatex/blx-dm.def
File: blx-dm.def 2023/03/05 v3.19 biblatex localization (PK/MW)
)
Package biblatex Info: Trying to load biblatex style data model...
Package biblatex Info: ... file 'numeric.dbx' not found.
Package biblatex Info: Trying to load biblatex custom data model...
Package biblatex Info: ... file 'biblatex-dm.cfg' not found.
\c@afterword=\count359
\c@savedafterword=\count360
\c@annotator=\count361
\c@savedannotator=\count362
\c@author=\count363
\c@savedauthor=\count364
\c@bookauthor=\count365
\c@savedbookauthor=\count366
\c@commentator=\count367
\c@savedcommentator=\count368
\c@editor=\count369
\c@savededitor=\count370
\c@editora=\count371
\c@savededitora=\count372
\c@editorb=\count373
\c@savededitorb=\count374
\c@editorc=\count375
\c@savededitorc=\count376
\c@foreword=\count377
\c@savedforeword=\count378
\c@holder=\count379
\c@savedholder=\count380
\c@introduction=\count381
\c@savedintroduction=\count382
\c@namea=\count383
\c@savednamea=\count384
\c@nameb=\count385
\c@savednameb=\count386
\c@namec=\count387
\c@savednamec=\count388
\c@translator=\count389
\c@savedtranslator=\count390
\c@shortauthor=\count391
\c@savedshortauthor=\count392
\c@shorteditor=\count393
\c@savedshorteditor=\count394
\c@labelname=\count395
\c@savedlabelname=\count396
\c@institution=\count397
\c@savedinstitution=\count398
\c@lista=\count399
\c@savedlista=\count400
\c@listb=\count401
\c@savedlistb=\count402
\c@listc=\count403
\c@savedlistc=\count404
\c@listd=\count405
\c@savedlistd=\count406
\c@liste=\count407
\c@savedliste=\count408
\c@listf=\count409
\c@savedlistf=\count410
\c@location=\count411
\c@savedlocation=\count412
\c@organization=\count413
\c@savedorganization=\count414
\c@origlocation=\count415
\c@savedoriglocation=\count416
\c@origpublisher=\count417
\c@savedorigpublisher=\count418
\c@publisher=\count419
\c@savedpublisher=\count420
\c@language=\count421
\c@savedlanguage=\count422
\c@origlanguage=\count423
\c@savedoriglanguage=\count424
\c@pageref=\count425
\c@savedpageref=\count426
\shorthandwidth=\skip98
\shortjournalwidth=\skip99
\shortserieswidth=\skip100
\shorttitlewidth=\skip101
\shortauthorwidth=\skip102
\shorteditorwidth=\skip103
\locallabelnumberwidth=\skip104
\locallabelalphawidth=\skip105
\localshorthandwidth=\skip106
\localshortjournalwidth=\skip107
\localshortserieswidth=\skip108
\localshorttitlewidth=\skip109
\localshortauthorwidth=\skip110
\localshorteditorwidth=\skip111
Package biblatex Info: Trying to load compatibility code...
Package biblatex Info: ... file 'blx-compat.def' found.

(/usr/share/texlive/texmf-dist/tex/latex/biblatex/blx-compat.def
File: blx-compat.def 2023/03/05 v3.19 biblatex compatibility (PK/MW)
)
Package biblatex Info: Trying to load generic definitions...
Package biblatex Info: ... file 'biblatex.def' found.

(/usr/share/texlive/texmf-dist/tex/latex/biblatex/biblatex.def
File: biblatex.def 2023/03/05 v3.19 biblatex compatibility (PK/MW)
\c@textcitecount=\count427
\c@textcitetotal=\count428
\c@textcitemaxnames=\count429
\c@biburlbigbreakpenalty=\count430
\c@biburlbreakpenalty=\count431
\c@biburlnumpenalty=\count432
\c@biburlucpenalty=\count433
\c@biburllcpenalty=\count434
\biburlbigskip=\muskip18
\biburlnumskip=\muskip19
\biburlucskip=\muskip20
\biburllcskip=\muskip21
\c@smartand=\count435
)
Package biblatex Info: Trying to load bibliography style 'numeric'...
Package biblatex Info: ... file 'numeric.bbx' found.

(/usr/share/texlive/texmf-dist/tex/latex/biblatex/bbx/numeric.bbx
File: numeric.bbx 2023/03/05 v3.19 biblatex bibliography style (PK/MW)
Package biblatex Info: Trying to load bibliography style 'standard'...
Package biblatex Info: ... file 'standard.bbx' found.

(/usr/share/texlive/texmf-dist/tex/latex/biblatex/bbx/standard.bbx
File: standard.bbx 2023/03/05 v3.19 biblatex bibliography style (PK/MW)
\c@bbx:relatedcount=\count436
\c@bbx:relatedtotal=\count437
))
Package biblatex Info: Trying to load citation style 'numeric'...
Package biblatex Info: ... file 'numeric.cbx' found.

(/usr/share/texlive/texmf-dist/tex/latex/biblatex/cbx/numeric.cbx
File: numeric.cbx 2023/03/05 v3.19 biblatex citation style (PK/MW)
Package biblatex Info: Redefining '\cite'.
Package biblatex Info: Redefining '\parencite'.
Package biblatex Info: Redefining '\footcite'.
Package biblatex Info: Redefining '\footcitetext'.
Package biblatex Info: Redefining '\smartcite'.
Package biblatex Info: Redefining '\supercite'.
Package biblatex Info: Redefining '\textcite'.
Package biblatex Info: Redefining '\textcites'.
Package biblatex Info: Redefining '\cites'.
Package biblatex Info: Redefining '\parencites'.
Package biblatex Info: Redefining '\smartcites'.
)
Package biblatex Info: Trying to load configuration file...
Package biblatex Info: ... file 'biblatex.cfg' found.

(/usr/share/texlive/texmf-dist/tex/latex/biblatex/biblatex.cfg
File: biblatex.cfg 
)
Package biblatex Info: Input encoding 'utf8' detected.
Package biblatex Info: Document encoding is UTF8 ....
Package biblatex Info: ... and expl3
(biblatex)             2024-01-22 L3 programming layer (loader) 
(biblatex)             is new enough (at least 2020/04/06),
(biblatex)             setting 'casechanger=expl3'.

(/usr/share/texlive/texmf-dist/tex/latex/biblatex/blx-case-expl3.sty
Package: blx-case-expl3 2023/03/05 v3.19 expl3 case changing code for biblatex
))
(/usr/share/texlive/texmf-dist/tex/latex/hyperref/hyperref.sty
Package: hyperref 2024-01-20 v7.01h Hypertext links for LaTeX

(/usr/share/texlive/texmf-dist/tex/generic/kvdefinekeys/kvdefinekeys.sty
Package: kvdefinekeys 2019-12-19 v1.6 Define keys (HO)
)
(/usr/share/texlive/texmf-dist/tex/generic/pdfescape/pdfescape.sty
Package: pdfescape 2019/12/09 v1.15 Implements pdfTeX's escape features (HO)
)
(/usr/share/texlive/texmf-dist/tex/latex/hycolor/hycolor.sty
Package: hycolor 2020-01-27 v1.10 Color options for hyperref/bookmark (HO)
)
(/usr/share/texlive/texmf-dist/tex/latex/auxhook/auxhook.sty
Package: auxhook 2019-12-17 v1.6 Hooks for auxiliary files (HO)
)
(/usr/share/texlive/texmf-dist/tex/latex/hyperref/nameref.sty
Package: nameref 2023-11-26 v2.56 Cross-referencing by name of section

(/usr/share/texlive/texmf-dist/tex/latex/refcount/refcount.sty
Package: refcount 2019/12/15 v3.6 Data extraction from label references (HO)
)
(/usr/share/texlive/texmf-dist/tex/generic/gettitlestring/gettitlestring.sty
Package: gettitlestring 2019/12/15 v1.6 Cleanup title references (HO)
)
\c@section@level=\count438
)
\@linkdim=\dimen166
\Hy@linkcounter=\count439
\Hy@pagecounter=\count440

(/usr/share/texlive/texmf-dist/tex/latex/hyperref/pd1enc.def
File: pd1enc.def 2024-01-20 v7.01h Hyperref: PDFDocEncoding definition (HO)
Now handling font encoding PD1 ...
... no UTF-8 mapping file for font encoding PD1
)
(/usr/share/texlive/texmf-dist/tex/generic/intcalc/intcalc.sty
Package: intcalc 2019/12/15 v1.3 Expandable calculations with integers (HO)
)
\Hy@SavedSpaceFactor=\count441

(/usr/share/texlive/texmf-dist/tex/latex/hyperref/puenc.def
File: puenc.def 2024-01-20 v7.01h Hyperref: PDF Unicode definition (HO)
Now handling font encoding PU ...
... no UTF-8 mapping file for font encoding PU
)
Package hyperref Info: Option `pdfusetitle' set `true' on input line 4062.
Package hyperref Info: Option `hyperfootnotes' set `false' on input line 4062.
Package hyperref Info: Hyper figures OFF on input line 4179.
Package hyperref Info: Link nesting OFF on input line 4184.
Package hyperref Info: Hyper index ON on input line 4187.
Package hyperref Info: Plain pages OFF on input line 4194.
Package hyperref Info: Backreferencing OFF on input line 4199.
Package hyperref Info: Implicit mode ON; LaTeX internals redefined.
Package hyperref Info: Bookmarks ON on input line 4446.
\c@Hy@tempcnt=\count442
LaTeX Info: Redefining \url on input line 4784.
\XeTeXLinkMargin=\dimen167

(/usr/share/texlive/texmf-dist/tex/generic/bitset/bitset.sty
Package: bitset 2019/12/09 v1.3 Handle bit-vector datatype (HO)

(/usr/share/texlive/texmf-dist/tex/generic/bigintcalc/bigintcalc.sty
Package: bigintcalc 2019/12/15 v1.5 Expandable calculations on big integers (HO
)
))
\Fld@menulength=\count443
\Field@Width=\dimen168
\Fld@charsize=\dimen169
Package hyperref Info: Hyper figures OFF on input line 6063.
Package hyperref Info: Link nesting OFF on input line 6068.
Package hyperref Info: Hyper index ON on input line 6071.
Package hyperref Info: backreferencing OFF on input line 6078.
Package hyperref Info: Link coloring OFF on input line 6083.
Package hyperref Info: Link coloring with OCG OFF on input line 6088.
Package hyperref Info: PDF/A mode OFF on input line 6093.

(/usr/share/texlive/texmf-dist/tex/latex/base/atbegshi-ltx.sty
Package: atbegshi-ltx 2021/01/10 v1.0c Emulation of the original atbegshi
package with kernel methods
)
\Hy@abspage=\count444
\c@Item=\count445
)
Package hyperref Info: Driver (autodetected): hpdftex.

(/usr/share/texlive/texmf-dist/tex/latex/hyperref/hpdftex.def
File: hpdftex.def 2024-01-20 v7.01h Hyperref driver for pdfTeX

(/usr/share/texlive/texmf-dist/tex/latex/base/atveryend-ltx.sty
Package: atveryend-ltx 2020/08/19 v1.0a Emulation of the original atveryend pac
kage
with kernel methods
)
\Fld@listcount=\count446
\c@bookmark@seq@number=\count447

(/usr/share/texlive/texmf-dist/tex/latex/rerunfilecheck/rerunfilecheck.sty
Package: rerunfilecheck 2022-07-10 v1.10 Rerun checks for auxiliary files (HO)

(/usr/share/texlive/texmf-dist/tex/generic/uniquecounter/uniquecounter.sty
Package: uniquecounter 2019/12/15 v1.4 Provide unlimited unique counter (HO)
)
Package uniquecounter Info: New unique counter `rerunfilecheck' on input line 2
85.
)
\Hy@SectionHShift=\skip112
)
(/usr/share/texlive/texmf-dist/tex/latex/cleveref/cleveref.sty
Package: cleveref 2018/03/27 v0.21.4 Intelligent cross-referencing
Package cleveref Info: `hyperref' support loaded on input line 2370.
LaTeX Info: Redefining \cref on input line 2370.
LaTeX Info: Redefining \Cref on input line 2370.
LaTeX Info: Redefining \crefrange on input line 2370.
LaTeX Info: Redefining \Crefrange on input line 2370.
LaTeX Info: Redefining \cpageref on input line 2370.
LaTeX Info: Redefining \Cpageref on input line 2370.
LaTeX Info: Redefining \cpagerefrange on input line 2370.
LaTeX Info: Redefining \Cpagerefrange on input line 2370.
LaTeX Info: Redefining \labelcref on input line 2370.
LaTeX Info: Redefining \labelcpageref on input line 2370.
Package cleveref Info: `amsthm' support loaded on input line 3026.
Package cleveref Info: always capitalise cross-reference names on input line 78
30.
Package cleveref Info: include cross-reference names in hyperlinks on input lin
e 7836.
Package cleveref Info: always capitalise cross-reference names on input line 78
52.
Package cleveref Info: include cross-reference names in hyperlinks on input lin
e 7852.
)
Package hyperref Info: Option `breaklinks' set `true' on input line 157.
Package hyperref Info: Option `colorlinks' set `true' on input line 157.
\@degree=\toks42
\@school=\toks43
\@faculty=\toks44
\@date=\toks45
\@wordcount=\toks46
)
(/usr/share/texlive/texmf-dist/tex/latex/lipsum/lipsum.sty
(/usr/share/texlive/texmf-dist/tex/latex/l3packages/l3keys2e/l3keys2e.sty
Package: l3keys2e 2023-10-10 LaTeX2e option processing using LaTeX3 keys
)
Package: lipsum 2021-09-20 v2.7 150 paragraphs of Lorem Ipsum dummy text
\g__lipsum_par_int=\count448
\l__lipsum_a_int=\count449
\l__lipsum_b_int=\count450

(/usr/share/texlive/texmf-dist/tex/latex/lipsum/lipsum.ltd.tex))
(/usr/share/texlive/texmf-dist/tex/latex/mhchem/mhchem.sty
Package: mhchem 2024/01/29 v4.10 for typesetting chemical formulae

(/usr/share/texlive/texmf-dist/tex/latex/chemgreek/chemgreek.sty
Package: chemgreek 2020/01/16 v1.1a interface for upright Greek letters for use
 in chemistry (CN)
\l__chemgreek_tmpa_int=\count451
\g__chemgreek_tmpa_int=\count452
)
\l__mhchem_ce_distanceFromLastComma_int=\count453
\__mhchem_arrow_extPgfLength_skip=\skip113
\mhchem@minispace@tmp=\skip114
\mhchem@minibackspace@tmp=\skip115
\mhchem@bondwidth=\skip116
\mhchem@bondheight=\skip117
\mhchem@smallbondwidth@tmpA=\skip118
\mhchem@smallbondwidth@tmpB=\skip119
\mhchem@smallbondwidth=\skip120
\mhchem@bondtmp@minussidebearingleft=\skip121
\mhchem@bondtmp@minussidebearingright=\skip122
\l__mhchem_option_version_int=\count454
\mhchem@option@minusmathsidebearingleft=\dimen170
\mhchem@option@minusmathsidebearingright=\dimen171
\mhchem@option@minustextsidebearingleft=\dimen172
\mhchem@option@minustextsidebearingright=\dimen173
)
(/usr/share/texlive/texmf-dist/tex/latex/tools/longtable.sty
Package: longtable 2023-11-01 v4.19 Multi-page Table package (DPC)
\LTleft=\skip123
\LTright=\skip124
\LTpre=\skip125
\LTpost=\skip126
\LTchunksize=\count455
\LTcapwidth=\dimen174
\LT@head=\box61
\LT@firsthead=\box62
\LT@foot=\box63
\LT@lastfoot=\box64
\LT@gbox=\box65
\LT@cols=\count456
\LT@rows=\count457
\c@LT@tables=\count458
\c@LT@chunks=\count459
\LT@p@ftn=\toks47
)
Class scrbook Info: longtable captions redefined on input line 9.

(/usr/share/texlive/texmf-dist/tex/latex/tools/tabularx.sty
Package: tabularx 2023/07/08 v2.11c `tabularx' package (DPC)
\TX@col@width=\dimen175
\TX@old@table=\dimen176
\TX@old@col=\dimen177
\TX@target=\dimen178
\TX@delta=\dimen179
\TX@cols=\count460
\TX@ftn=\toks48
)
(/usr/share/texlive/texmf-dist/tex/latex/booktabs/booktabs.sty
Package: booktabs 2020/01/12 v1.61803398 Publication quality tables
\heavyrulewidth=\dimen180
\lightrulewidth=\dimen181
\cmidrulewidth=\dimen182
\belowrulesep=\dimen183
\belowbottomsep=\dimen184
\aboverulesep=\dimen185
\abovetopsep=\dimen186
\cmidrulesep=\dimen187
\cmidrulekern=\dimen188
\defaultaddspace=\dimen189
\@cmidla=\count461
\@cmidlb=\count462
\@aboverulesep=\dimen190
\@belowrulesep=\dimen191
\@thisruleclass=\count463
\@lastruleclass=\count464
\@thisrulewidth=\dimen192
)
(/usr/share/texlive/texmf-dist/tex/latex/float/float.sty
Package: float 2001/11/08 v1.3d Float enhancements (AL)
\c@float@type=\count465
\float@exts=\toks49
\float@box=\box66
\@float@everytoks=\toks50
\@floatcapt=\box67
)
(/usr/share/texlive/texmf-dist/tex/latex/caption/caption.sty
Package: caption 2023/08/05 v3.6o Customizing captions (AR)

(/usr/share/texlive/texmf-dist/tex/latex/caption/caption3.sty
Package: caption3 2023/07/31 v2.4d caption3 kernel (AR)
\caption@tempdima=\dimen193
\captionmargin=\dimen194
\caption@leftmargin=\dimen195
\caption@rightmargin=\dimen196
\caption@width=\dimen197
\caption@indent=\dimen198
\caption@parindent=\dimen199
\caption@hangindent=\dimen256
Package caption Info: KOMA-Script document class detected.

(/usr/share/texlive/texmf-dist/tex/latex/caption/caption-koma.sto
File: caption-koma.sto 2023/09/08 v2.0e Adaption of the caption package to the 
KOMA-Script document classes (AR)
))
\c@caption@flags=\count466
\c@continuedfloat=\count467
Package caption Info: float package is loaded.
Package caption Info: hyperref package is loaded.
Package caption Info: longtable package is loaded.

(/usr/share/texlive/texmf-dist/tex/latex/caption/ltcaption.sty
Package: ltcaption 2021/01/08 v1.4c longtable captions (AR)
)
Package caption Info: KOMA-Script scrextend package detected.
\caption@addmargin@hsize=\dimen257
\caption@addmargin@linewidth=\dimen258
)
(/usr/share/texlive/texmf-dist/tex/latex/caption/subcaption.sty
Package: subcaption 2023/07/28 v1.6b Sub-captions (AR)
Package caption Info: New subtype `subfigure' on input line 238.
\c@subfigure=\count468
Package caption Info: New subtype `subtable' on input line 238.
\c@subtable=\count469
)
(/usr/share/texlive/texmf-dist/tex/latex/changepage/changepage.sty
Package: changepage 2009/10/20 v1.0c check page and change page layout
\c@cp@cntr=\count470
\cp@tempcnt=\count471
)
(/usr/share/texlive/texmf-dist/tex/latex/adjustbox/adjustbox.sty
Package: adjustbox 2022/10/17 v1.3a Adjusting TeX boxes (trim, clip, ...)

(/usr/share/texlive/texmf-dist/tex/latex/adjustbox/adjcalc.sty
Package: adjcalc 2012/05/16 v1.1 Provides advanced setlength with multiple back
-ends (calc, etex, pgfmath)
)
(/usr/share/texlive/texmf-dist/tex/latex/adjustbox/trimclip.sty
Package: trimclip 2020/08/19 v1.2 Trim and clip general TeX material

(/usr/share/texlive/texmf-dist/tex/latex/collectbox/collectbox.sty
Package: collectbox 2022/10/17 v0.4c Collect macro arguments as boxes
\collectedbox=\box68
)
\tc@llx=\dimen259
\tc@lly=\dimen260
\tc@urx=\dimen261
\tc@ury=\dimen262
Package trimclip Info: Using driver 'tc-pdftex.def'.

(/usr/share/texlive/texmf-dist/tex/latex/adjustbox/tc-pdftex.def
File: tc-pdftex.def 2019/01/04 v2.2 Clipping driver for pdftex
))
\adjbox@Width=\dimen263
\adjbox@Height=\dimen264
\adjbox@Depth=\dimen265
\adjbox@Totalheight=\dimen266
\adjbox@pwidth=\dimen267
\adjbox@pheight=\dimen268
\adjbox@pdepth=\dimen269
\adjbox@ptotalheight=\dimen270

(/usr/share/texlive/texmf-dist/tex/latex/ifoddpage/ifoddpage.sty
Package: ifoddpage 2022/10/18 v1.2 Conditionals for odd/even page detection
\c@checkoddpage=\count472
LaTeX Info: Redefining \checkoddpage on input line 45.
)
(/usr/share/texlive/texmf-dist/tex/latex/varwidth/varwidth.sty
Package: varwidth 2009/03/30 ver 0.92;  Variable-width minipages
\@vwid@box=\box69
\sift@deathcycles=\count473
\@vwid@loff=\dimen271
\@vwid@roff=\dimen272
))
(/usr/share/texlive/texmf-dist/tex/latex/multirow/multirow.sty
Package: multirow 2021/03/15 v2.8 Span multiple rows of a table
\multirow@colwidth=\skip127
\multirow@cntb=\count474
\multirow@dima=\skip128
\bigstrutjot=\dimen273
)
(/usr/share/texlive/texmf-dist/tex/latex/graphics/lscape.sty
Package: lscape 2020/05/28 v3.02 Landscape Pages (DPC)
)
\c@reaction=\count475
\@quotelevel=\count476
\@quotereset=\count477
 (./thesis.aux

LaTeX Warning: Label `' multiply defined.


LaTeX Warning: Label `@cref' multiply defined.


LaTeX Warning: Label `' multiply defined.


LaTeX Warning: Label `@cref' multiply defined.


LaTeX Warning: Label `' multiply defined.


LaTeX Warning: Label `@cref' multiply defined.


LaTeX Warning: Label `' multiply defined.


LaTeX Warning: Label `@cref' multiply defined.

)
\openout1 = `thesis.aux'.

LaTeX Font Info:    Checking defaults for OML/cmm/m/it on input line 74.
LaTeX Font Info:    ... okay on input line 74.
LaTeX Font Info:    Checking defaults for OMS/cmsy/m/n on input line 74.
LaTeX Font Info:    ... okay on input line 74.
LaTeX Font Info:    Checking defaults for OT1/cmr/m/n on input line 74.
LaTeX Font Info:    ... okay on input line 74.
LaTeX Font Info:    Checking defaults for T1/cmr/m/n on input line 74.
LaTeX Font Info:    ... okay on input line 74.
LaTeX Font Info:    Checking defaults for TS1/cmr/m/n on input line 74.
LaTeX Font Info:    ... okay on input line 74.
LaTeX Font Info:    Checking defaults for OMX/cmex/m/n on input line 74.
LaTeX Font Info:    ... okay on input line 74.
LaTeX Font Info:    Checking defaults for U/cmr/m/n on input line 74.
LaTeX Font Info:    ... okay on input line 74.
LaTeX Font Info:    Checking defaults for PD1/pdf/m/n on input line 74.
LaTeX Font Info:    ... okay on input line 74.
LaTeX Font Info:    Checking defaults for PU/pdf/m/n on input line 74.
LaTeX Font Info:    ... okay on input line 74.
Package scrbase Info: activating english \partname on input line 74.
Package scrbase Info: activating english \chaptername on input line 74.
Package scrbase Info: activating english \appendixname on input line 74.
Package scrbase Info: activating english \figurename on input line 74.
Package scrbase Info: activating english \tablename on input line 74.
Package scrbase Info: activating english \contentsname on input line 74.
Package scrbase Info: activating english \listfigurename on input line 74.
Package scrbase Info: activating english \listtablename on input line 74.
Package scrbase Info: activating english \bibname on input line 74.
Package scrbase Info: activating english \indexname on input line 74.
LaTeX Info: Redefining \microtypecontext on input line 74.
Package microtype Info: Applying patch `item' on input line 74.
Package microtype Info: Applying patch `toc' on input line 74.
Package microtype Info: Applying patch `eqnum' on input line 74.
Package microtype Info: Applying patch `footnote' on input line 74.
Package microtype Info: Applying patch `verbatim' on input line 74.
Package microtype Info: Generating PDF output.
Package microtype Info: Character protrusion enabled (level 2).
Package microtype Info: Using default protrusion set `alltext'.
Package microtype Info: Automatic font expansion enabled (level 2),
(microtype)             stretch: 20, shrink: 20, step: 1, non-selected.
Package microtype Info: Using default expansion set `alltext-nott'.
LaTeX Info: Redefining \showhyphens on input line 74.
Package microtype Info: No adjustment of tracking.
Package microtype Info: No adjustment of interword spacing.
Package microtype Info: No adjustment of character kerning.
 (/usr/share/texlive/texmf-dist/tex/latex/microtype/mt-cmr.cfg
File: mt-cmr.cfg 2013/05/19 v2.2 microtype config. file: Computer Modern Roman 
(RS)
)
(/usr/share/texlive/texmf-dist/tex/context/base/mkii/supp-pdf.mkii
[Loading MPS to PDF converter (version 2006.09.02).]
\scratchcounter=\count478
\scratchdimen=\dimen274
\scratchbox=\box70
\nofMPsegments=\count479
\nofMParguments=\count480
\everyMPshowfont=\toks51
\MPscratchCnt=\count481
\MPscratchDim=\dimen275
\MPnumerator=\count482
\makeMPintoPDFobject=\count483
\everyMPtoPDFconversion=\toks52
) (/usr/share/texlive/texmf-dist/tex/latex/epstopdf-pkg/epstopdf-base.sty
Package: epstopdf-base 2020-01-24 v2.11 Base part for package epstopdf
Package epstopdf-base Info: Redefining graphics rule for `.eps' on input line 4
85.

(/usr/share/texlive/texmf-dist/tex/latex/latexconfig/epstopdf-sys.cfg
File: epstopdf-sys.cfg 2010/07/13 v1.3 Configuration of (r)epstopdf for TeX Liv
e
))
(/usr/share/texlive/texmf-dist/tex/latex/fmtcount/fc-english.def
File: fc-english.def 2016/01/12
)
Package biblatex Info: Trying to load language 'english'...
Package biblatex Info: ... file 'english.lbx' found.

(/usr/share/texlive/texmf-dist/tex/latex/biblatex/lbx/english.lbx
File: english.lbx 2023/03/05 v3.19 biblatex localization (PK/MW)
)
Package biblatex Info: Input encoding 'utf8' detected.
Package biblatex Info: Automatic encoding selection.
(biblatex)             Assuming data encoding 'utf8'.
\openout3 = `thesis.bcf'.

Package biblatex Info: Trying to load bibliographic data...
Package biblatex Info: ... file 'thesis.bbl' found.

(./thesis.bbl)
Package biblatex Info: Reference section=0 on input line 74.
Package biblatex Info: Reference segment=0 on input line 74.
Package hyperref Info: Link coloring ON on input line 74.
 (./thesis.out) (./thesis.out)
\@outlinefile=\write4
\openout4 = `thesis.out'.

Class scrbook Info: loading recommended package `bookmark'.
(scrbook)           Using `bookmark' together with `hyperref' is recommended,
(scrbook)           because of handling of possible bookmark level gaps.
(scrbook)           You can avoid loading `bookmark' with KOMA-Script option
(scrbook)           `bookmarkpackage=false' before \begin{document} and
(scrbook)           you can avoid this message adding:
(scrbook)             \usepackage{bookmark}
(scrbook)           before \begin{document} on input line 74.

(/usr/share/texlive/texmf-dist/tex/latex/bookmark/bookmark.sty
Package: bookmark 2023-12-10 v1.31 PDF bookmarks (HO)

(/usr/share/texlive/texmf-dist/tex/latex/bookmark/bkm-pdftex.def
File: bkm-pdftex.def 2023-12-10 v1.31 bookmark driver for pdfTeX and luaTeX (HO
)
\BKM@id=\count484
))

Package chemgreek Info: Activating mapping `default' on line 74.

Package caption Info: Begin \AtBeginDocument code.
Package caption Info: changepage package is loaded.
\caption@adjustwidth@hsize=\dimen276
\caption@adjustwidth@linewidth=\dimen277
Package caption Info: End \AtBeginDocument code.


Package typearea Warning: \typearea used at group level 7.
(typearea)                Using \typearea inside any group, e.g.
(typearea)                environments, math mode, boxes, etc. may result in
(typearea)                many type setting problems.
(typearea)                You should move the command \typearea
(typearea)                outside all groups on input line 83.

Package typearea Info: These are the values describing the layout:
(typearea)             DIV  = 10
(typearea)             BCOR = 0.0pt
(typearea)             \paperwidth      = 597.50793pt
(typearea)              \textwidth      = 418.25555pt
(typearea)              DIV departure   = -6%
(typearea)              \evensidemargin = 17.3562pt
(typearea)              \oddsidemargin  = 17.3562pt
(typearea)             \paperheight     = 845.04694pt
(typearea)              \textheight     = 541.40024pt
(typearea)              \topmargin      = 12.2347pt
(typearea)              \headheight     = 25.5pt
(typearea)              \headsep        = 30.6pt
(typearea)              \topskip        = 11.0pt
(typearea)              \footskip       = 71.40001pt
(typearea)              \baselineskip   = 20.40001pt
(typearea)              on input line 83.
Package typearea Info: Using dirty hack to recalculate internal output
(typearea)             dimensions of LaTeX on input line 83.
LaTeX Font Info:    Trying to load font information for OML+mlmm on input line 
83.
(/usr/share/texlive/texmf-dist/tex/latex/mlmodern/omlmlmm.fd
File: omlmlmm.fd 2021/01/11 v1.0 Font defs for mlmodern
)
LaTeX Font Info:    Trying to load font information for OMS+mlmsy on input line
 83.

(/usr/share/texlive/texmf-dist/tex/latex/mlmodern/omsmlmsy.fd
File: omsmlmsy.fd 2021/01/11 v1.0 Font defs for mlmodern
)
LaTeX Font Info:    Trying to load font information for OMX+mlmex on input line
 83.

(/usr/share/texlive/texmf-dist/tex/latex/mlmodern/omxmlmex.fd
File: omxmlmex.fd 2021/01/11 v1.0 Font defs for mlmodern
)
LaTeX Font Info:    External font `mlmex10' loaded for size
(Font)              <14.4> on input line 83.
LaTeX Font Info:    External font `mlmex10' loaded for size
(Font)              <10> on input line 83.
LaTeX Font Info:    External font `mlmex10' loaded for size
(Font)              <7> on input line 83.
LaTeX Font Info:    Trying to load font information for U+msa on input line 83.


(/usr/share/texlive/texmf-dist/tex/latex/amsfonts/umsa.fd
File: umsa.fd 2013/01/14 v3.01 AMS symbols A
)
(/usr/share/texlive/texmf-dist/tex/latex/microtype/mt-msa.cfg
File: mt-msa.cfg 2006/02/04 v1.1 microtype config. file: AMS symbols (a) (RS)
)
LaTeX Font Info:    Trying to load font information for U+msb on input line 83.


(/usr/share/texlive/texmf-dist/tex/latex/amsfonts/umsb.fd
File: umsb.fd 2013/01/14 v3.01 AMS symbols B
)
(/usr/share/texlive/texmf-dist/tex/latex/microtype/mt-msb.cfg
File: mt-msb.cfg 2005/06/01 v1.0 microtype config. file: AMS symbols (b) (RS)
)
LaTeX Font Info:    Trying to load font information for U+wasy on input line 83
.

(/usr/share/texlive/texmf-dist/tex/latex/wasysym/uwasy.fd
File: uwasy.fd 2020/01/19 v2.4 Wasy-2 symbol font definitions
)
LaTeX Font Info:    Trying to load font information for U+stmry on input line 8
3.

(/usr/share/texlive/texmf-dist/tex/latex/stmaryrd/Ustmry.fd)
<UoB_RGB_24.jpg, id=4, 742.9356pt x 215.1237pt>
File: UoB_RGB_24.jpg Graphic file (type jpg)
<use UoB_RGB_24.jpg>
Package pdftex.def Info: UoB_RGB_24.jpg  used on input line 83.
(pdftex.def)             Requested size: 209.12778pt x 60.55263pt.
LaTeX Font Info:    External font `mlmex10' loaded for size
(Font)              <10.95> on input line 83.
LaTeX Font Info:    External font `mlmex10' loaded for size
(Font)              <8> on input line 83.
LaTeX Font Info:    External font `mlmex10' loaded for size
(Font)              <6> on input line 83.


Package scrlayer-scrpage Warning: \headheight to low.
(scrlayer-scrpage)                At least 20.4pt needed,
(scrlayer-scrpage)                but only 0.0pt found.
(scrlayer-scrpage)                I'll enlarge \headheight, for further
(scrlayer-scrpage)                processing, but you should do this yourself,
(scrlayer-scrpage)                e.g., setting typearea's option
(scrlayer-scrpage)                `headheight=20.4pt'.
(scrlayer-scrpage)                I'll also decrease \topmargin on input line 8
3.


Overfull \vbox (20.4pt too high) has occurred while \output is active []

 [1



{/var/lib/texmf/fonts/map/pdftex/updmap/pdftex.map}{/usr/share/texmf/fonts/enc/
dvips/lm/lm-ec.enc} <./UoB_RGB_24.jpg>]

Package typearea Warning: \typearea used at group level 2.
(typearea)                Using \typearea inside any group, e.g.
(typearea)                environments, math mode, boxes, etc. may result in
(typearea)                many type setting problems.
(typearea)                You should move the command \typearea
(typearea)                outside all groups on input line 89.

Package typearea Info: These are the values describing the layout:
(typearea)             DIV  = 10
(typearea)             BCOR = 0.0pt
(typearea)             \paperwidth      = 597.50793pt
(typearea)              \textwidth      = 418.25555pt
(typearea)              DIV departure   = -6%
(typearea)              \evensidemargin = 17.3562pt
(typearea)              \oddsidemargin  = 17.3562pt
(typearea)             \paperheight     = 845.04694pt
(typearea)              \textheight     = 541.40024pt
(typearea)              \topmargin      = 12.2347pt
(typearea)              \headheight     = 25.5pt
(typearea)              \headsep        = 30.6pt
(typearea)              \topskip        = 11.0pt
(typearea)              \footskip       = 71.40001pt
(typearea)              \baselineskip   = 20.40001pt
(typearea)              on input line 89.
Package typearea Info: Using dirty hack to recalculate internal output
(typearea)             dimensions of LaTeX on input line 89.
[2



] [3


] [4


]
<./Figures/signature.png, id=25, 821.0675pt x 198.7425pt>
File: ./Figures/signature.png Graphic file (type png)
<use ./Figures/signature.png>
Package pdftex.def Info: ./Figures/signature.png  used on input line 111.
(pdftex.def)             Requested size: 113.81102pt x 27.54779pt.
 [5


 <./Figures/signature.png>]
Package tocbasic Info: character protrusion at toc deactivated on input line 12
5.
 (./thesis.toc [1





] [2]
Overfull \hbox (1.91618pt too wide) detected at line 77
 \T1/mlmr/bx/n/10.95 127
 []

)
\tf@toc=\write5
\openout5 = `thesis.toc'.

 [3]
Package tocbasic Info: character protrusion at lot deactivated on input line 12
6.
 (./thesis.lot
Overfull \hbox (1.91618pt too wide) detected at line 13
 \T1/mlmr/bx/n/10.95 127
 []

[4


])
\tf@lot=\write6
\openout6 = `thesis.lot'.

 [5]
Package tocbasic Info: character protrusion at lof deactivated on input line 12
7.
 (./thesis.lof [6


{/usr/share/texmf/fonts/enc/dvips/lm/lm-mathit.enc}{/usr/share/texmf/fonts/enc/
dvips/lm/lm-rm.enc}{/usr/share/texmf/fonts/enc/dvips/lm/lm-mathsy.enc}] [7] [8]

Overfull \hbox (1.91618pt too wide) detected at line 31
 \T1/mlmr/bx/n/10.95 127
 []

)
\tf@lof=\write7
\openout7 = `thesis.lof'.

 [9]
chapter 1.
Package hyperref Info: bookmark level for unknown chapteratlist defaults to 0 o
n input line 136.

Class scrbook Warning: \float@addtolists detected!
(scrbook)              Implementation of \float@addtolist became
(scrbook)              deprecated in KOMA-Script v3.01 2008/11/14 and
(scrbook)              has been replaced by several more flexible
(scrbook)              features of package `tocbasic`.
(scrbook)              Since Version 3.12 support for deprecated
(scrbook)              \float@addtolist interface has been
(scrbook)              restricted to only some of the KOMA-Script
(scrbook)              features and been removed from others.
(scrbook)              Loading of package `scrhack' may help to
(scrbook)              avoid this warning, if you are using a
(scrbook)              a package that still implements the
(scrbook)              deprecated \float@addtolist interface.

(./Chapters/1/1.tex (./Chapters/1/1.1.tex
pdfTeX warning (ext4): destination with the same identifier (name{page.1}) has 
been already used, duplicate ignored
<to be read again> 
                   \relax 
l.3 
     [1



]
pdfTeX warning (ext4): destination with the same identifier (name{page.2}) has 
been already used, duplicate ignored
<to be read again> 
                   \relax 
l.12 
      [2]
pdfTeX warning (ext4): destination with the same identifier (name{page.3}) has 
been already used, duplicate ignored
<to be read again> 
                   \relax 
l.16 
      [3]
pdfTeX warning (ext4): destination with the same identifier (name{page.4}) has 
been already used, duplicate ignored
<to be read again> 
                   \relax 
l.24 
      [4]
pdfTeX warning (ext4): destination with the same identifier (name{page.5}) has 
been already used, duplicate ignored
<to be read again> 
                   \relax 
l.29 \subsection
                {Mitigation Potential} [5] [6]) (./Chapters/1/1.2.tex
LaTeX Font Info:    Trying to load font information for TS1+mlmr on input line 
4.

(/usr/share/texlive/texmf-dist/tex/latex/mlmodern/ts1mlmr.fd
File: ts1mlmr.fd 2021/01/11 v1.0 Font defs for mlmodern
) [7{/usr/share/texmf/fonts/enc/dvips/lm/lm-ts1.enc}]) (./Chapters/1/1.3.tex) [
8]) [9]
chapter 2.
(./Chapters/2/2.tex (./Chapters/2/2.1.tex [10


] [11]) [12] (./Chapters/2/2.2.tex [13] [14] [15] [16] [17] [18] [19]
<./Figures/2/BFFM2_output_example.png, id=578, 518.93875pt x 186.19562pt>
File: ./Figures/2/BFFM2_output_example.png Graphic file (type png)
<use ./Figures/2/BFFM2_output_example.png>
Package pdftex.def Info: ./Figures/2/BFFM2_output_example.png  used on input li
ne 71.
(pdftex.def)             Requested size: 376.42744pt x 135.06934pt.
 [20 <./Figures/2/BFFM2_output_example.PNG>]) [21] (./Chapters/2/2.3.tex
<./Figures/2/Dynamics.png, id=606, 653.44125pt x 433.11812pt>
File: ./Figures/2/Dynamics.png Graphic file (type png)
<use ./Figures/2/Dynamics.png>
Package pdftex.def Info: ./Figures/2/Dynamics.png  used on input line 10.
(pdftex.def)             Requested size: 355.51976pt x 235.64487pt.
 [22] [23 <./Figures/2/Dynamics.PNG>] [24] [25]
<./Figures/2/Schumann_fig.jpg, id=644, 531.9875pt x 380.42125pt>
File: ./Figures/2/Schumann_fig.jpg Graphic file (type jpg)
<use ./Figures/2/Schumann_fig.jpg>
Package pdftex.def Info: ./Figures/2/Schumann_fig.jpg  used on input line 33.
(pdftex.def)             Requested size: 347.15286pt x 248.25188pt.

[26] [27 <./Figures/2/Schumann_fig.jpg>] [28] [29]
<./Figures/2/MP_model.png, id=694, 638.385pt x 165.61874pt>
File: ./Figures/2/MP_model.png Graphic file (type png)
<use ./Figures/2/MP_model.png>
Package pdftex.def Info: ./Figures/2/MP_model.png  used on input line 73.
(pdftex.def)             Requested size: 418.25555pt x 108.51012pt.
 [30 <./Figures/2/MP_model.PNG>]
<./Figures/2/Kraabol1.png, id=707, 484.05844pt x 353.06906pt>
File: ./Figures/2/Kraabol1.png Graphic file (type png)
<use ./Figures/2/Kraabol1.png>
Package pdftex.def Info: ./Figures/2/Kraabol1.png  used on input line 83.
(pdftex.def)             Requested size: 146.39198pt x 106.77812pt.
<./Figures/2/Kraabol2.png, id=708, 472.01344pt x 353.06906pt>
File: ./Figures/2/Kraabol2.png Graphic file (type png)
<use ./Figures/2/Kraabol2.png>
Package pdftex.def Info: ./Figures/2/Kraabol2.png  used on input line 90.
(pdftex.def)             Requested size: 146.39198pt x 109.50415pt.
 [31 <./Figures/2/Kraabol1.PNG> <./Figures/2/Kraabol2.png>] [32])
(./Chapters/2/2.4.tex [33] [34] [35] [36]
<./Figures/2/cap_vs_vol.pdf, id=790, 702.625pt x 394.97563pt>
File: ./Figures/2/cap_vs_vol.pdf Graphic file (type pdf)
<use ./Figures/2/cap_vs_vol.pdf>
Package pdftex.def Info: ./Figures/2/cap_vs_vol.pdf  used on input line 41.
(pdftex.def)             Requested size: 355.51976pt x 199.85587pt.
 [37 <./Figures/2/cap_vs_vol.pdf>]
[38]

pdfTeX warning: pdflatex (file ./Figures/2/FB_dist_spatial.pdf): PDF inclusion:
 found PDF version <1.7>, but at most version <1.5> allowed
<./Figures/2/FB_dist_spatial.pdf, id=817, 544.43402pt x 490.23149pt>
File: ./Figures/2/FB_dist_spatial.pdf Graphic file (type pdf)
<use ./Figures/2/FB_dist_spatial.pdf>
Package pdftex.def Info: ./Figures/2/FB_dist_spatial.pdf  used on input line 70
.
(pdftex.def)             Requested size: 418.25555pt x 376.62665pt.
[39] [40 <./Figures/2/FB_dist_spatial.pdf>]

pdfTeX warning: pdflatex (file ./Figures/2/FB_dist_temporal.pdf): PDF inclusion
: found PDF version <1.7>, but at most version <1.5> allowed
<./Figures/2/FB_dist_temporal.pdf, id=845, 701.01903pt x 272.21701pt>
File: ./Figures/2/FB_dist_temporal.pdf Graphic file (type pdf)
<use ./Figures/2/FB_dist_temporal.pdf>
Package pdftex.def Info: ./Figures/2/FB_dist_temporal.pdf  used on input line 8
7.
(pdftex.def)             Requested size: 418.25555pt x 162.41763pt.
[41 <./Figures/2/FB_dist_temporal.pdf>]

pdfTeX warning: pdflatex (file ./Figures/2/cap_example.pdf): PDF inclusion: fou
nd PDF version <1.7>, but at most version <1.5> allowed
<./Figures/2/cap_example.pdf, id=869, 963.6pt x 542.025pt>
File: ./Figures/2/cap_example.pdf Graphic file (type pdf)
<use ./Figures/2/cap_example.pdf>
Package pdftex.def Info: ./Figures/2/cap_example.pdf  used on input line 101.
(pdftex.def)             Requested size: 376.42744pt x 211.73625pt.
[42] [43 <./Figures/2/cap_example.pdf>]) (./Chapters/2/2.5.tex [44] [45]
<./Figures/2/Lee2021.jpg, id=943, 442.14786pt x 334.32101pt>
File: ./Figures/2/Lee2021.jpg Graphic file (type jpg)
<use ./Figures/2/Lee2021.jpg>
Package pdftex.def Info: ./Figures/2/Lee2021.jpg  used on input line 18.
(pdftex.def)             Requested size: 418.25555pt x 316.2666pt.

[46] [47 <./Figures/2/Lee2021.jpg>] [48] [49]

pdfTeX warning: pdflatex (file ./Figures/2/RFDIAG.pdf): PDF inclusion: found PD
F version <1.7>, but at most version <1.5> allowed
<./Figures/2/RFDIAG.pdf, id=995, 457.71pt x 433.62pt>
File: ./Figures/2/RFDIAG.pdf Graphic file (type pdf)
<use ./Figures/2/RFDIAG.pdf>
Package pdftex.def Info: ./Figures/2/RFDIAG.pdf  used on input line 39.
(pdftex.def)             Requested size: 230.04182pt x 217.93427pt.
[50 <./Figures/2/RFDIAG.pdf>] [51] [52] [53]
<./Figures/2/LeeClimateImpacts.jpg, id=1094, 185.58936pt x 111.44034pt>
File: ./Figures/2/LeeClimateImpacts.jpg Graphic file (type jpg)
<use ./Figures/2/LeeClimateImpacts.jpg>
Package pdftex.def Info: ./Figures/2/LeeClimateImpacts.jpg  used on input line 
69.
(pdftex.def)             Requested size: 418.25555pt x 251.18394pt.
 [54] [55 <./Figures/2/LeeClimateImpacts.jpg>] [56]) (./Chapters/2/2.6.tex [57]
<./Figures/2/NOx-VOC_curve.png, id=1153, 403.00563pt x 293.59688pt>
File: ./Figures/2/NOx-VOC_curve.png Graphic file (type png)
<use ./Figures/2/NOx-VOC_curve.png>
Package pdftex.def Info: ./Figures/2/NOx-VOC_curve.png  used on input line 22.
(pdftex.def)             Requested size: 209.12778pt x 152.35316pt.
<./Figures/2/NO_x_ozone.png, id=1154, 443.6575pt x 386.94562pt>
File: ./Figures/2/NO_x_ozone.png Graphic file (type png)
<use ./Figures/2/NO_x_ozone.png>
Package pdftex.def Info: ./Figures/2/NO_x_ozone.png  used on input line 30.
(pdftex.def)             Requested size: 188.21371pt x 164.15154pt.
 [58
pdfTeX warning (ext4): destination with the same identifier (name{equation.2.6.
6}) has been already used, duplicate ignored
<argument> ...shipout:D \box_use:N \l_shipout_box 
                                                  \__shipout_drop_firstpage_...
l.37 
     ] [59 <./Figures/2/NOx-VOC_curve.PNG> <./Figures/2/NO_x_ozone.PNG>]
pdfTeX warning (ext4): destination with the same identifier (name{equation.2.6.
6}) has been already used, duplicate ignored
<to be read again> 
                   \relax 
l.43 \reaction[OH+CO_2]{OH + CO -> H + CO_2}
                                            
pdfTeX warning (ext4): destination with the same identifier (name{equation.2.6.
6}) has been already used, duplicate ignored
<to be read again> 
                   \relax 
l.43 \reaction[OH+CO_2]{OH + CO -> H + CO_2}
                                            
pdfTeX warning (ext4): destination with the same identifier (name{equation.2.6.
6}) has been already used, duplicate ignored
<to be read again> 
                   \relax 
l.43 \reaction[OH+CO_2]{OH + CO -> H + CO_2}
                                            
pdfTeX warning (ext4): destination with the same identifier (name{equation.2.6.
6}) has been already used, duplicate ignored
<to be read again> 
                   \relax 
l.43 \reaction[OH+CO_2]{OH + CO -> H + CO_2}
                                            
pdfTeX warning (ext4): destination with the same identifier (name{equation.2.6.
6}) has been already used, duplicate ignored
<to be read again> 
                   \relax 
l.45 \reaction[H+O2+M_2]{H + O_2 + M -> HO_2 + M}
                                                 
pdfTeX warning (ext4): destination with the same identifier (name{equation.2.6.
6}) has been already used, duplicate ignored
<to be read again> 
                   \relax 
l.45 \reaction[H+O2+M_2]{H + O_2 + M -> HO_2 + M}
                                                 
pdfTeX warning (ext4): destination with the same identifier (name{equation.2.6.
6}) has been already used, duplicate ignored
<to be read again> 
                   \relax 
l.45 \reaction[H+O2+M_2]{H + O_2 + M -> HO_2 + M}
                                                 
pdfTeX warning (ext4): destination with the same identifier (name{equation.2.6.
6}) has been already used, duplicate ignored
<to be read again> 
                   \relax 
l.45 \reaction[H+O2+M_2]{H + O_2 + M -> HO_2 + M}
                                                 
pdfTeX warning (ext4): destination with the same identifier (name{equation.2.6.
6}) has been already used, duplicate ignored
<to be read again> 
                   \relax 
l.47 \reaction[HO2+O3_2]{HO_2 + O_3 -> OH + 2O_2}
                                                 
pdfTeX warning (ext4): destination with the same identifier (name{equation.2.6.
6}) has been already used, duplicate ignored
<to be read again> 
                   \relax 
l.47 \reaction[HO2+O3_2]{HO_2 + O_3 -> OH + 2O_2}
                                                 
pdfTeX warning (ext4): destination with the same identifier (name{equation.2.6.
6}) has been already used, duplicate ignored
<to be read again> 
                   \relax 
l.47 \reaction[HO2+O3_2]{HO_2 + O_3 -> OH + 2O_2}
                                                 
pdfTeX warning (ext4): destination with the same identifier (name{equation.2.6.
6}) has been already used, duplicate ignored
<to be read again> 
                   \relax 
l.47 \reaction[HO2+O3_2]{HO_2 + O_3 -> OH + 2O_2}
                                                 
pdfTeX warning (ext4): destination with the same identifier (name{equation.2.6.
6}) has been already used, duplicate ignored
<to be read again> 
                   \relax 
l.49 \reaction[OH+O3_2]{OH + O_3 -> HO_2 + O_2}
                                               
pdfTeX warning (ext4): destination with the same identifier (name{equation.2.6.
6}) has been already used, duplicate ignored
<to be read again> 
                   \relax 
l.49 \reaction[OH+O3_2]{OH + O_3 -> HO_2 + O_2}
                                               
pdfTeX warning (ext4): destination with the same identifier (name{equation.2.6.
6}) has been already used, duplicate ignored
<to be read again> 
                   \relax 
l.49 \reaction[OH+O3_2]{OH + O_3 -> HO_2 + O_2}
                                               
pdfTeX warning (ext4): destination with the same identifier (name{equation.2.6.
6}) has been already used, duplicate ignored
<to be read again> 
                   \relax 
l.49 \reaction[OH+O3_2]{OH + O_3 -> HO_2 + O_2}
                                               
pdfTeX warning (ext4): destination with the same identifier (name{equation.2.6.
6}) has been already used, duplicate ignored
<to be read again> 
                   \relax 
l.51 ...2_2]{OH + CO + 2O_3 -> CO_2 + HO_2 + 2O_2}
                                                  
pdfTeX warning (ext4): destination with the same identifier (name{equation.2.6.
6}) has been already used, duplicate ignored
<to be read again> 
                   \relax 
l.51 ...2_2]{OH + CO + 2O_3 -> CO_2 + HO_2 + 2O_2}
                                                  
pdfTeX warning (ext4): destination with the same identifier (name{equation.2.6.
6}) has been already used, duplicate ignored
<to be read again> 
                   \relax 
l.51 ...2_2]{OH + CO + 2O_3 -> CO_2 + HO_2 + 2O_2}
                                                  
pdfTeX warning (ext4): destination with the same identifier (name{equation.2.6.
6}) has been already used, duplicate ignored
<to be read again> 
                   \relax 
l.51 ...2_2]{OH + CO + 2O_3 -> CO_2 + HO_2 + 2O_2}
                                                   [60]
pdfTeX warning (ext4): destination with the same identifier (name{equation.2.6.
6}) has been already used, duplicate ignored
<to be read again> 
                   \relax 
l.55 ...O2_2]{HO_2 + HO_2 + M -> M + O_2 + H_2O_2}
                                                  
pdfTeX warning (ext4): destination with the same identifier (name{equation.2.6.
6}) has been already used, duplicate ignored
<to be read again> 
                   \relax 
l.55 ...O2_2]{HO_2 + HO_2 + M -> M + O_2 + H_2O_2}
                                                  
pdfTeX warning (ext4): destination with the same identifier (name{equation.2.6.
6}) has been already used, duplicate ignored
<to be read again> 
                   \relax 
l.55 ...O2_2]{HO_2 + HO_2 + M -> M + O_2 + H_2O_2}
                                                  
pdfTeX warning (ext4): destination with the same identifier (name{equation.2.6.
6}) has been already used, duplicate ignored
<to be read again> 
                   \relax 
l.55 ...O2_2]{HO_2 + HO_2 + M -> M + O_2 + H_2O_2}
                                                  
pdfTeX warning (ext4): destination with the same identifier (name{equation.2.6.
6}) has been already used, duplicate ignored
<to be read again> 
                   \relax 
l.57 ...2+HO2_2]{CH_3O_2 + HO_2 -> CH_3O_2H + O_2}
                                                  
pdfTeX warning (ext4): destination with the same identifier (name{equation.2.6.
6}) has been already used, duplicate ignored
<to be read again> 
                   \relax 
l.57 ...2+HO2_2]{CH_3O_2 + HO_2 -> CH_3O_2H + O_2}
                                                  
pdfTeX warning (ext4): destination with the same identifier (name{equation.2.6.
6}) has been already used, duplicate ignored
<to be read again> 
                   \relax 
l.57 ...2+HO2_2]{CH_3O_2 + HO_2 -> CH_3O_2H + O_2}
                                                  
pdfTeX warning (ext4): destination with the same identifier (name{equation.2.6.
6}) has been already used, duplicate ignored
<to be read again> 
                   \relax 
l.57 ...2+HO2_2]{CH_3O_2 + HO_2 -> CH_3O_2H + O_2}
                                                  
pdfTeX warning (ext4): destination with the same identifier (name{equation.2.6.
6}) has been already used, duplicate ignored
<to be read again> 
                   \relax 
l.62 \reaction[HO2+NO_2]{HO_2 + NO -> OH + NO_2}
                                                
pdfTeX warning (ext4): destination with the same identifier (name{equation.2.6.
6}) has been already used, duplicate ignored
<to be read again> 
                   \relax 
l.62 \reaction[HO2+NO_2]{HO_2 + NO -> OH + NO_2}
                                                
pdfTeX warning (ext4): destination with the same identifier (name{equation.2.6.
6}) has been already used, duplicate ignored
<to be read again> 
                   \relax 
l.62 \reaction[HO2+NO_2]{HO_2 + NO -> OH + NO_2}
                                                
pdfTeX warning (ext4): destination with the same identifier (name{equation.2.6.
6}) has been already used, duplicate ignored
<to be read again> 
                   \relax 
l.62 \reaction[HO2+NO_2]{HO_2 + NO -> OH + NO_2}
                                                
pdfTeX warning (ext4): destination with the same identifier (name{equation.2.6.
6}) has been already used, duplicate ignored
<to be read again> 
                   \relax 
l.64 ... h\nu (\lambda $<$ 420 nm) -> NO + O(^3P)}
                                                  
pdfTeX warning (ext4): destination with the same identifier (name{equation.2.6.
6}) has been already used, duplicate ignored
<to be read again> 
                   \relax 
l.64 ... h\nu (\lambda $<$ 420 nm) -> NO + O(^3P)}
                                                  
pdfTeX warning (ext4): destination with the same identifier (name{equation.2.6.
6}) has been already used, duplicate ignored
<to be read again> 
                   \relax 
l.64 ... h\nu (\lambda $<$ 420 nm) -> NO + O(^3P)}
                                                  
pdfTeX warning (ext4): destination with the same identifier (name{equation.2.6.
6}) has been already used, duplicate ignored
<to be read again> 
                   \relax 
l.64 ... h\nu (\lambda $<$ 420 nm) -> NO + O(^3P)}
                                                  
pdfTeX warning (ext4): destination with the same identifier (name{equation.2.6.
6}) has been already used, duplicate ignored
<to be read again> 
                   \relax 
l.66 ...n[O3P+O2+M_2]{O(^3P) + O_2 + M -> O_3 + M}
                                                  
pdfTeX warning (ext4): destination with the same identifier (name{equation.2.6.
6}) has been already used, duplicate ignored
<to be read again> 
                   \relax 
l.66 ...n[O3P+O2+M_2]{O(^3P) + O_2 + M -> O_3 + M}
                                                  
pdfTeX warning (ext4): destination with the same identifier (name{equation.2.6.
6}) has been already used, duplicate ignored
<to be read again> 
                   \relax 
l.66 ...n[O3P+O2+M_2]{O(^3P) + O_2 + M -> O_3 + M}
                                                  
pdfTeX warning (ext4): destination with the same identifier (name{equation.2.6.
6}) has been already used, duplicate ignored
<to be read again> 
                   \relax 
l.66 ...n[O3P+O2+M_2]{O(^3P) + O_2 + M -> O_3 + M}
                                                  
pdfTeX warning (ext4): destination with the same identifier (name{equation.2.6.
6}) has been already used, duplicate ignored
<to be read again> 
                   \relax 
l.68 ...eaction[CO+2O2_2]{CO + 2O_2 -> CO_2 + O_3}
                                                  
pdfTeX warning (ext4): destination with the same identifier (name{equation.2.6.
6}) has been already used, duplicate ignored
<to be read again> 
                   \relax 
l.68 ...eaction[CO+2O2_2]{CO + 2O_2 -> CO_2 + O_3}
                                                  
pdfTeX warning (ext4): destination with the same identifier (name{equation.2.6.
6}) has been already used, duplicate ignored
<to be read again> 
                   \relax 
l.68 ...eaction[CO+2O2_2]{CO + 2O_2 -> CO_2 + O_3}
                                                  
pdfTeX warning (ext4): destination with the same identifier (name{equation.2.6.
6}) has been already used, duplicate ignored
<to be read again> 
                   \relax 
l.68 ...eaction[CO+2O2_2]{CO + 2O_2 -> CO_2 + O_3}
                                                   [61]
pdfTeX warning (ext4): destination with the same identifier (name{equation.2.6.
6}) has been already used, duplicate ignored
<to be read again> 
                   \relax 
l.72 \reaction[OH+CH4_2]{OH + CH_4 -> H_2O + CH_3}
                                                  
pdfTeX warning (ext4): destination with the same identifier (name{equation.2.6.
6}) has been already used, duplicate ignored
<to be read again> 
                   \relax 
l.72 \reaction[OH+CH4_2]{OH + CH_4 -> H_2O + CH_3}
                                                  
pdfTeX warning (ext4): destination with the same identifier (name{equation.2.6.
6}) has been already used, duplicate ignored
<to be read again> 
                   \relax 
l.72 \reaction[OH+CH4_2]{OH + CH_4 -> H_2O + CH_3}
                                                  
pdfTeX warning (ext4): destination with the same identifier (name{equation.2.6.
6}) has been already used, duplicate ignored
<to be read again> 
                   \relax 
l.72 \reaction[OH+CH4_2]{OH + CH_4 -> H_2O + CH_3}
                                                  
pdfTeX warning (ext4): destination with the same identifier (name{equation.2.6.
6}) has been already used, duplicate ignored
<to be read again> 
                   \relax 
l.74 ...CH3+O2+M_2]{CH_3 + O_2 + M -> M + CH_3O_2}
                                                  
pdfTeX warning (ext4): destination with the same identifier (name{equation.2.6.
6}) has been already used, duplicate ignored
<to be read again> 
                   \relax 
l.74 ...CH3+O2+M_2]{CH_3 + O_2 + M -> M + CH_3O_2}
                                                  
pdfTeX warning (ext4): destination with the same identifier (name{equation.2.6.
6}) has been already used, duplicate ignored
<to be read again> 
                   \relax 
l.74 ...CH3+O2+M_2]{CH_3 + O_2 + M -> M + CH_3O_2}
                                                  
pdfTeX warning (ext4): destination with the same identifier (name{equation.2.6.
6}) has been already used, duplicate ignored
<to be read again> 
                   \relax 
l.74 ...CH3+O2+M_2]{CH_3 + O_2 + M -> M + CH_3O_2}
                                                  
pdfTeX warning (ext4): destination with the same identifier (name{equation.2.6.
6}) has been already used, duplicate ignored
<to be read again> 
                   \relax 
l.76 ...[CH3O2+NO_2]{CH_3O_2 + NO -> CH_3O + NO_2}
                                                  
pdfTeX warning (ext4): destination with the same identifier (name{equation.2.6.
6}) has been already used, duplicate ignored
<to be read again> 
                   \relax 
l.76 ...[CH3O2+NO_2]{CH_3O_2 + NO -> CH_3O + NO_2}
                                                  
pdfTeX warning (ext4): destination with the same identifier (name{equation.2.6.
6}) has been already used, duplicate ignored
<to be read again> 
                   \relax 
l.76 ...[CH3O2+NO_2]{CH_3O_2 + NO -> CH_3O + NO_2}
                                                  
pdfTeX warning (ext4): destination with the same identifier (name{equation.2.6.
6}) has been already used, duplicate ignored
<to be read again> 
                   \relax 
l.76 ...[CH3O2+NO_2]{CH_3O_2 + NO -> CH_3O + NO_2}
                                                  
pdfTeX warning (ext4): destination with the same identifier (name{equation.2.6.
6}) has been already used, duplicate ignored
<to be read again> 
                   \relax 
l.78 ...ion[CH3O+O2_2]{CH_3O + O_2 -> HO_2 + HCHO}
                                                  
pdfTeX warning (ext4): destination with the same identifier (name{equation.2.6.
6}) has been already used, duplicate ignored
<to be read again> 
                   \relax 
l.78 ...ion[CH3O+O2_2]{CH_3O + O_2 -> HO_2 + HCHO}
                                                  
pdfTeX warning (ext4): destination with the same identifier (name{equation.2.6.
6}) has been already used, duplicate ignored
<to be read again> 
                   \relax 
l.78 ...ion[CH3O+O2_2]{CH_3O + O_2 -> HO_2 + HCHO}
                                                  
pdfTeX warning (ext4): destination with the same identifier (name{equation.2.6.
6}) has been already used, duplicate ignored
<to be read again> 
                   \relax 
l.78 ...ion[CH3O+O2_2]{CH_3O + O_2 -> HO_2 + HCHO}
                                                  
pdfTeX warning (ext4): destination with the same identifier (name{equation.2.6.
6}) has been already used, duplicate ignored
<to be read again> 
                   \relax 
l.80 ...tion[CH4+2O2_2]{CH_4 + 2O_2 -> HCHO + O_3}
                                                  
pdfTeX warning (ext4): destination with the same identifier (name{equation.2.6.
6}) has been already used, duplicate ignored
<to be read again> 
                   \relax 
l.80 ...tion[CH4+2O2_2]{CH_4 + 2O_2 -> HCHO + O_3}
                                                  
pdfTeX warning (ext4): destination with the same identifier (name{equation.2.6.
6}) has been already used, duplicate ignored
<to be read again> 
                   \relax 
l.80 ...tion[CH4+2O2_2]{CH_4 + 2O_2 -> HCHO + O_3}
                                                  
pdfTeX warning (ext4): destination with the same identifier (name{equation.2.6.
6}) has been already used, duplicate ignored
<to be read again> 
                   \relax 
l.80 ...tion[CH4+2O2_2]{CH_4 + 2O_2 -> HCHO + O_3}
                                                  
<./Figures/2/NOx-O3-CO-CH4.png, id=1246, 567.62062pt x 433.62pt>
File: ./Figures/2/NOx-O3-CO-CH4.png Graphic file (type png)
<use ./Figures/2/NOx-O3-CO-CH4.png>
Package pdftex.def Info: ./Figures/2/NOx-O3-CO-CH4.png  used on input line 86.
(pdftex.def)             Requested size: 313.69167pt x 239.643pt.
 [62] [63 <./Figures/2/NOx-O3-CO-CH4.PNG>]
pdfTeX warning (ext4): destination with the same identifier (name{equation.2.6.
6}) has been already used, duplicate ignored
<to be read again> 
                   \relax 
l.99 \reaction[NO+OH+M_2]{NO + OH + M -> HONO + M}
                                                  
pdfTeX warning (ext4): destination with the same identifier (name{equation.2.6.
6}) has been already used, duplicate ignored
<to be read again> 
                   \relax 
l.99 \reaction[NO+OH+M_2]{NO + OH + M -> HONO + M}
                                                  
pdfTeX warning (ext4): destination with the same identifier (name{equation.2.6.
6}) has been already used, duplicate ignored
<to be read again> 
                   \relax 
l.99 \reaction[NO+OH+M_2]{NO + OH + M -> HONO + M}
                                                  
pdfTeX warning (ext4): destination with the same identifier (name{equation.2.6.
6}) has been already used, duplicate ignored
<to be read again> 
                   \relax 
l.99 \reaction[NO+OH+M_2]{NO + OH + M -> HONO + M}
                                                  
pdfTeX warning (ext4): destination with the same identifier (name{equation.2.6.
6}) has been already used, duplicate ignored
<to be read again> 
                   \relax 
l.100 ...n[NO2+OH+M_2]{NO_2 + OH + M -> HNO_3 + M}
                                                  
pdfTeX warning (ext4): destination with the same identifier (name{equation.2.6.
6}) has been already used, duplicate ignored
<to be read again> 
                   \relax 
l.100 ...n[NO2+OH+M_2]{NO_2 + OH + M -> HNO_3 + M}
                                                  
pdfTeX warning (ext4): destination with the same identifier (name{equation.2.6.
6}) has been already used, duplicate ignored
<to be read again> 
                   \relax 
l.100 ...n[NO2+OH+M_2]{NO_2 + OH + M -> HNO_3 + M}
                                                  
pdfTeX warning (ext4): destination with the same identifier (name{equation.2.6.
6}) has been already used, duplicate ignored
<to be read again> 
                   \relax 
l.100 ...n[NO2+OH+M_2]{NO_2 + OH + M -> HNO_3 + M}
                                                  
pdfTeX warning (ext4): destination with the same identifier (name{equation.2.6.
6}) has been already used, duplicate ignored
<to be read again> 
                   \relax 
l.101 ...+HO2+M_2]{NO2 + HO_2 + M -> HO_2NO_2 + M}
                                                  
pdfTeX warning (ext4): destination with the same identifier (name{equation.2.6.
6}) has been already used, duplicate ignored
<to be read again> 
                   \relax 
l.101 ...+HO2+M_2]{NO2 + HO_2 + M -> HO_2NO_2 + M}
                                                  
pdfTeX warning (ext4): destination with the same identifier (name{equation.2.6.
6}) has been already used, duplicate ignored
<to be read again> 
                   \relax 
l.101 ...+HO2+M_2]{NO2 + HO_2 + M -> HO_2NO_2 + M}
                                                  
pdfTeX warning (ext4): destination with the same identifier (name{equation.2.6.
6}) has been already used, duplicate ignored
<to be read again> 
                   \relax 
l.101 ...+HO2+M_2]{NO2 + HO_2 + M -> HO_2NO_2 + M}
                                                  
pdfTeX warning (ext4): destination with the same identifier (name{equation.2.6.
6}) has been already used, duplicate ignored
<to be read again> 
                   \relax 
l.102 ...RO2+M_2]{NO_2 + RO_2 + M -> RO_2NO_2 + M}
                                                  
pdfTeX warning (ext4): destination with the same identifier (name{equation.2.6.
6}) has been already used, duplicate ignored
<to be read again> 
                   \relax 
l.102 ...RO2+M_2]{NO_2 + RO_2 + M -> RO_2NO_2 + M}
                                                  
pdfTeX warning (ext4): destination with the same identifier (name{equation.2.6.
6}) has been already used, duplicate ignored
<to be read again> 
                   \relax 
l.102 ...RO2+M_2]{NO_2 + RO_2 + M -> RO_2NO_2 + M}
                                                  
pdfTeX warning (ext4): destination with the same identifier (name{equation.2.6.
6}) has been already used, duplicate ignored
<to be read again> 
                   \relax 
l.102 ...RO2+M_2]{NO_2 + RO_2 + M -> RO_2NO_2 + M}
                                                  
pdfTeX warning (ext4): destination with the same identifier (name{equation.2.6.
6}) has been already used, duplicate ignored
<to be read again> 
                   \relax 
l.103 ...3+M_2]{NO_2 + RCO_3 + M -> RCO_3NO_2 + M}
                                                  
pdfTeX warning (ext4): destination with the same identifier (name{equation.2.6.
6}) has been already used, duplicate ignored
<to be read again> 
                   \relax 
l.103 ...3+M_2]{NO_2 + RCO_3 + M -> RCO_3NO_2 + M}
                                                  
pdfTeX warning (ext4): destination with the same identifier (name{equation.2.6.
6}) has been already used, duplicate ignored
<to be read again> 
                   \relax 
l.103 ...3+M_2]{NO_2 + RCO_3 + M -> RCO_3NO_2 + M}
                                                  
pdfTeX warning (ext4): destination with the same identifier (name{equation.2.6.
6}) has been already used, duplicate ignored
<to be read again> 
                   \relax 
l.103 ...3+M_2]{NO_2 + RCO_3 + M -> RCO_3NO_2 + M}
                                                  
pdfTeX warning (ext4): destination with the same identifier (name{equation.2.6.
6}) has been already used, duplicate ignored
<to be read again> 
                   \relax 
l.107 \reaction[NO+O3_2]{NO + O_3 -> NO_2 + O_2_2}
                                                  
pdfTeX warning (ext4): destination with the same identifier (name{equation.2.6.
6}) has been already used, duplicate ignored
<to be read again> 
                   \relax 
l.107 \reaction[NO+O3_2]{NO + O_3 -> NO_2 + O_2_2}
                                                  
pdfTeX warning (ext4): destination with the same identifier (name{equation.2.6.
6}) has been already used, duplicate ignored
<to be read again> 
                   \relax 
l.107 \reaction[NO+O3_2]{NO + O_3 -> NO_2 + O_2_2}
                                                  
pdfTeX warning (ext4): destination with the same identifier (name{equation.2.6.
6}) has been already used, duplicate ignored
<to be read again> 
                   \relax 
l.107 \reaction[NO+O3_2]{NO + O_3 -> NO_2 + O_2_2}
                                                   [64] [65] [66]
<./Figures/2/Aerosol_fig.png, id=1328, 702.625pt x 293.095pt>
File: ./Figures/2/Aerosol_fig.png Graphic file (type png)
<use ./Figures/2/Aerosol_fig.png>
Package pdftex.def Info: ./Figures/2/Aerosol_fig.png  used on input line 170.
(pdftex.def)             Requested size: 292.7776pt x 122.13304pt.
 [67 <./Figures/2/Aerosol_fig.PNG (PNG copy)>] [68]

pdfTeX warning: pdflatex (file ./Figures/2/RFvsOD.pdf): PDF inclusion: found PD
F version <1.7>, but at most version <1.5> allowed
<./Figures/2/RFvsOD.pdf, id=1361, 1027.79987pt x 770.88pt>
File: ./Figures/2/RFvsOD.pdf Graphic file (type pdf)
<use ./Figures/2/RFvsOD.pdf>
Package pdftex.def Info: ./Figures/2/RFvsOD.pdf  used on input line 187.
(pdftex.def)             Requested size: 188.21371pt x 141.16376pt.


pdfTeX warning: pdflatex (file ./Figures/2/RFvsSZA.pdf): PDF inclusion: found P
DF version <1.7>, but at most version <1.5> allowed
<./Figures/2/RFvsSZA.pdf, id=1362, 1027.79987pt x 770.88pt>
File: ./Figures/2/RFvsSZA.pdf Graphic file (type pdf)
<use ./Figures/2/RFvsSZA.pdf>
Package pdftex.def Info: ./Figures/2/RFvsSZA.pdf  used on input line 195.
(pdftex.def)             Requested size: 188.21371pt x 141.16376pt.
[69 <./Figures/2/RFvsOD.pdf> <./Figures/2/RFvsSZA.pdf

pdfTeX warning: pdflatex (file ./Figures/2/RFvsSZA.pdf): PDF inclusion: multipl
e pdfs with page group included in a single page
>] [70]
<./Figures/2/Jaegle_sat.png, id=1397, 386.44376pt x 424.58624pt>
File: ./Figures/2/Jaegle_sat.png Graphic file (type png)
<use ./Figures/2/Jaegle_sat.png>
Package pdftex.def Info: ./Figures/2/Jaegle_sat.png  used on input line 215.
(pdftex.def)             Requested size: 209.12778pt x 229.772pt.
 [71] [72 <./Figures/2/Jaegle_sat.PNG>] [73] [74] [75] [76])
(./Chapters/2/2.7.tex [77]
LaTeX Font Info:    External font `mlmex10' loaded for size
(Font)              <12> on input line 5.
<./Figures/2/Energy-efficiency-gains.jpg, id=1491, 607.51968pt x 501.37312pt>
File: ./Figures/2/Energy-efficiency-gains.jpg Graphic file (type jpg)
<use ./Figures/2/Energy-efficiency-gains.jpg>
Package pdftex.def Info: ./Figures/2/Energy-efficiency-gains.jpg  used on input
 line 12.
(pdftex.def)             Requested size: 188.21371pt x 155.3246pt.
<./Figures/2/IATANetZero.png, id=1492, 310.15875pt x 291.0875pt>
File: ./Figures/2/IATANetZero.png Graphic file (type png)
<use ./Figures/2/IATANetZero.png>
Package pdftex.def Info: ./Figures/2/IATANetZero.png  used on input line 19.
(pdftex.def)             Requested size: 167.29967pt x 157.01167pt.
 [78] [79 <./Figures/2/Energy-efficiency-gains.jpg> <./Figures/2/IATANetZero.PN
G>] [80] [81]
<./Figures/2/Teoh.png, id=1536, 120.45pt x 66.2475pt>
File: ./Figures/2/Teoh.png Graphic file (type png)
<use ./Figures/2/Teoh.png>
Package pdftex.def Info: ./Figures/2/Teoh.png  used on input line 63.
(pdftex.def)             Requested size: 334.60571pt x 184.05124pt.
 [82 <./Figures/2/Teoh.png>] [83]
<./Figures/2/FF.png, id=1578, 357.7365pt x 194.76765pt>
File: ./Figures/2/FF.png Graphic file (type png)
<use ./Figures/2/FF.png>
Package pdftex.def Info: ./Figures/2/FF.png  used on input line 94.
(pdftex.def)             Requested size: 418.25555pt x 227.72565pt.

[84] [85 <./Figures/2/FF.png>]) (./Chapters/2/2.8.tex [86])) [87] [88]
chapter 3.
[89


]
chapter 4.
[90


]
chapter 5.
[91


]
chapter 6.
[92


]
chapter 7.
[93


]
chapter 8.
[94


]
chapter 9.
[95


]
chapter 10.
[96


]
Package microtype Info: Character `029' is missing
(microtype)             in font `T1/mlmr/m/sc/10.95'.
(microtype)             Ignoring protrusion settings for this character.
LaTeX Font Info:    Trying to load font information for T1+mlmtt on input line 
184.
 (/usr/share/texlive/texmf-dist/tex/latex/mlmodern/t1mlmtt.fd
File: t1mlmtt.fd 2021/01/11 v1.0 Font defs for mlmodern
)
Package microtype Info: Loading generic protrusion settings for font family
(microtype)             `mlmtt' (encoding: T1).
(microtype)             For optimal results, create family-specific settings.
(microtype)             See the microtype manual for details.
 [97




]
[98] [99] [100] [101] [102] [103] [104] [105] [106] [107]
Overfull \hbox (2.22427pt too wide) in paragraph at lines 184--184
[]\T1/mlmr/m/n/10.95 (-20) Alessandro Gardi, Roberto Saba-tini, and Sub-ra-ma-n
ian Ra-masamy. ``Multi-objective
 []

[108] [109] [110] [111] [112] [113] [114] [115] [116] [117] [118] [119]
[120] [121] [122]
Overfull \hbox (6.44418pt too wide) in paragraph at lines 184--184
\T1/mlmr/m/sc/10.95 (-20) url\T1/mlmr/m/n/10.95 (-20) : [][]$\T1/mlmtt/m/n/10.9
5 https : / / www . iata . org / en / iata -[] repository / pressroom / present
ations /
 []

[123] [124] [125] [126]
chapter without number
(./Chapters/A/A.tex

LaTeX Warning: `!h' float specifier changed to `!ht'.


LaTeX Warning: `!h' float specifier changed to `!ht'.


LaTeX Warning: `!h' float specifier changed to `!ht'.


LaTeX Warning: `!h' float specifier changed to `!ht'.

[127


]

LaTeX Warning: `!h' float specifier changed to `!ht'.


LaTeX Warning: `!h' float specifier changed to `!ht'.


LaTeX Warning: `!h' float specifier changed to `!ht'.


LaTeX Warning: `!h' float specifier changed to `!ht'.

[128] [129] [130] [131] [132] [133] [134] [135] [136] (./thesis.aux)
 ***********
LaTeX2e <2023-11-01> patch level 1
L3 programming layer <2020/03/25>
 ***********


LaTeX Warning: There were multiply-defined labels.

Package rerunfilecheck Info: File `thesis.out' has not changed.
(rerunfilecheck)             Checksum: D41D8CD98F00B204E9800998ECF8427E;0.
Package logreq Info: Writing requests to 'thesis.run.xml'.
\openout1 = `thesis.run.xml'.

 ) ) 
Here is how much of TeX's memory you used:
 40381 strings out of 474222
 811600 string characters out of 5748732
 1985975 words of memory out of 5000000
 61162 multiletter control sequences out of 15000+600000
 686367 words of font info for 287 fonts, out of 8000000 for 9000
 1141 hyphenation exceptions out of 8191
 122i,20n,134p,10935b,1724s stack positions out of 10000i,1000n,20000p,200000b,200000s
</usr/share/texlive/texmf-dist/fonts/type1/public/mlmodern/mlmbx10.pfb></us
r/share/texlive/texmf-dist/fonts/type1/public/mlmodern/mlmbx12.pfb></usr/share/
texlive/texmf-dist/fonts/type1/public/mlmodern/mlmbx8.pfb></usr/share/texlive/t
exmf-dist/fonts/type1/public/mlmodern/mlmbxi10.pfb></usr/share/texlive/texmf-di
st/fonts/type1/public/mlmodern/mlmcsc10.pfb></usr/share/texlive/texmf-dist/font
s/type1/public/mlmodern/mlmmi10.pfb></usr/share/texlive/texmf-dist/fonts/type1/
public/mlmodern/mlmmi8.pfb></usr/share/texlive/texmf-dist/fonts/type1/public/ml
modern/mlmr10.pfb></usr/share/texlive/texmf-dist/fonts/type1/public/mlmodern/ml
mr12.pfb></usr/share/texlive/texmf-dist/fonts/type1/public/mlmodern/mlmr8.pfb><
/usr/share/texlive/texmf-dist/fonts/type1/public/mlmodern/mlmri10.pfb></usr/sha
re/texlive/texmf-dist/fonts/type1/public/mlmodern/mlmri8.pfb></usr/share/texliv
e/texmf-dist/fonts/type1/public/mlmodern/mlmro10.pfb></usr/share/texlive/texmf-
dist/fonts/type1/public/mlmodern/mlmsy10.pfb></usr/share/texlive/texmf-dist/fon
ts/type1/public/mlmodern/mlmsy8.pfb></usr/share/texlive/texmf-dist/fonts/type1/
public/mlmodern/mlmtt10.pfb>
Output written on thesis.pdf (150 pages, 5894122 bytes).
PDF statistics:
 2665 PDF objects out of 2984 (max. 8388607)
 2361 compressed objects within 24 object streams
 547 named destinations out of 1000 (max. 500000)
 64547 words of extra memory for PDF output out of 74296 (max. 10000000)

